Archive member included to satisfy reference by file (symbol)

d:/mounriver_studio/toolchain/risc-v embedded gcc/bin/../lib/gcc/riscv-none-embed/8.2.0/rv32imacxw/ilp32\libgcc.a(save-restore.o)
                              ./oled/oled.o (__riscv_save_11)
d:/mounriver_studio/toolchain/risc-v embedded gcc/bin/../lib/gcc/riscv-none-embed/8.2.0/../../../../riscv-none-embed/lib/rv32imacxw/ilp32\libg_nano.a(lib_a-memcpy.o)
                              ./USBPD/PD_Basicfun.o (memcpy)
d:/mounriver_studio/toolchain/risc-v embedded gcc/bin/../lib/gcc/riscv-none-embed/8.2.0/../../../../riscv-none-embed/lib/rv32imacxw/ilp32\libg_nano.a(lib_a-memset.o)
                              ./USBPD/PD_Basicfun.o (memset)
d:/mounriver_studio/toolchain/risc-v embedded gcc/bin/../lib/gcc/riscv-none-embed/8.2.0/../../../../riscv-none-embed/lib/rv32imacxw/ilp32\libg_nano.a(lib_a-printf.o)
                              ./User/main.o (printf)
d:/mounriver_studio/toolchain/risc-v embedded gcc/bin/../lib/gcc/riscv-none-embed/8.2.0/../../../../riscv-none-embed/lib/rv32imacxw/ilp32\libg_nano.a(lib_a-puts.o)
                              ./User/main.o (puts)
d:/mounriver_studio/toolchain/risc-v embedded gcc/bin/../lib/gcc/riscv-none-embed/8.2.0/../../../../riscv-none-embed/lib/rv32imacxw/ilp32\libg_nano.a(lib_a-wbuf.o)
                              d:/mounriver_studio/toolchain/risc-v embedded gcc/bin/../lib/gcc/riscv-none-embed/8.2.0/../../../../riscv-none-embed/lib/rv32imacxw/ilp32\libg_nano.a(lib_a-puts.o) (__swbuf_r)
d:/mounriver_studio/toolchain/risc-v embedded gcc/bin/../lib/gcc/riscv-none-embed/8.2.0/../../../../riscv-none-embed/lib/rv32imacxw/ilp32\libg_nano.a(lib_a-wsetup.o)
                              d:/mounriver_studio/toolchain/risc-v embedded gcc/bin/../lib/gcc/riscv-none-embed/8.2.0/../../../../riscv-none-embed/lib/rv32imacxw/ilp32\libg_nano.a(lib_a-puts.o) (__swsetup_r)
d:/mounriver_studio/toolchain/risc-v embedded gcc/bin/../lib/gcc/riscv-none-embed/8.2.0/../../../../riscv-none-embed/lib/rv32imacxw/ilp32\libg_nano.a(lib_a-fflush.o)
                              d:/mounriver_studio/toolchain/risc-v embedded gcc/bin/../lib/gcc/riscv-none-embed/8.2.0/../../../../riscv-none-embed/lib/rv32imacxw/ilp32\libg_nano.a(lib_a-wbuf.o) (_fflush_r)
d:/mounriver_studio/toolchain/risc-v embedded gcc/bin/../lib/gcc/riscv-none-embed/8.2.0/../../../../riscv-none-embed/lib/rv32imacxw/ilp32\libg_nano.a(lib_a-findfp.o)
                              d:/mounriver_studio/toolchain/risc-v embedded gcc/bin/../lib/gcc/riscv-none-embed/8.2.0/../../../../riscv-none-embed/lib/rv32imacxw/ilp32\libg_nano.a(lib_a-printf.o) (__sinit)
d:/mounriver_studio/toolchain/risc-v embedded gcc/bin/../lib/gcc/riscv-none-embed/8.2.0/../../../../riscv-none-embed/lib/rv32imacxw/ilp32\libg_nano.a(lib_a-fwalk.o)
                              d:/mounriver_studio/toolchain/risc-v embedded gcc/bin/../lib/gcc/riscv-none-embed/8.2.0/../../../../riscv-none-embed/lib/rv32imacxw/ilp32\libg_nano.a(lib_a-findfp.o) (_fwalk)
d:/mounriver_studio/toolchain/risc-v embedded gcc/bin/../lib/gcc/riscv-none-embed/8.2.0/../../../../riscv-none-embed/lib/rv32imacxw/ilp32\libg_nano.a(lib_a-impure.o)
                              d:/mounriver_studio/toolchain/risc-v embedded gcc/bin/../lib/gcc/riscv-none-embed/8.2.0/../../../../riscv-none-embed/lib/rv32imacxw/ilp32\libg_nano.a(lib_a-fflush.o) (_global_impure_ptr)
d:/mounriver_studio/toolchain/risc-v embedded gcc/bin/../lib/gcc/riscv-none-embed/8.2.0/../../../../riscv-none-embed/lib/rv32imacxw/ilp32\libg_nano.a(lib_a-makebuf.o)
                              d:/mounriver_studio/toolchain/risc-v embedded gcc/bin/../lib/gcc/riscv-none-embed/8.2.0/../../../../riscv-none-embed/lib/rv32imacxw/ilp32\libg_nano.a(lib_a-wsetup.o) (__smakebuf_r)
d:/mounriver_studio/toolchain/risc-v embedded gcc/bin/../lib/gcc/riscv-none-embed/8.2.0/../../../../riscv-none-embed/lib/rv32imacxw/ilp32\libg_nano.a(lib_a-nano-freer.o)
                              d:/mounriver_studio/toolchain/risc-v embedded gcc/bin/../lib/gcc/riscv-none-embed/8.2.0/../../../../riscv-none-embed/lib/rv32imacxw/ilp32\libg_nano.a(lib_a-wsetup.o) (_free_r)
d:/mounriver_studio/toolchain/risc-v embedded gcc/bin/../lib/gcc/riscv-none-embed/8.2.0/../../../../riscv-none-embed/lib/rv32imacxw/ilp32\libg_nano.a(lib_a-nano-mallocr.o)
                              d:/mounriver_studio/toolchain/risc-v embedded gcc/bin/../lib/gcc/riscv-none-embed/8.2.0/../../../../riscv-none-embed/lib/rv32imacxw/ilp32\libg_nano.a(lib_a-findfp.o) (_malloc_r)
d:/mounriver_studio/toolchain/risc-v embedded gcc/bin/../lib/gcc/riscv-none-embed/8.2.0/../../../../riscv-none-embed/lib/rv32imacxw/ilp32\libg_nano.a(lib_a-nano-vfprintf.o)
                              d:/mounriver_studio/toolchain/risc-v embedded gcc/bin/../lib/gcc/riscv-none-embed/8.2.0/../../../../riscv-none-embed/lib/rv32imacxw/ilp32\libg_nano.a(lib_a-printf.o) (_vfprintf_r)
[...]
Memory Configuration

Name             Origin             Length             Attributes
FLASH            0x0000000000000000 0x000000000000f800 xr
RAM              0x0000000020000000 0x0000000000005000 xrw
*default*        0x0000000000000000 0xffffffffffffffff

Linker script and memory map

LOAD ./oled/oled.o
LOAD ./User/ch32x035_it.o
LOAD ./User/main.o
LOAD ./User/system_ch32x035.o
LOAD ./USBPD/PD_Basicfun.o
LOAD ./USBPD/PD_Process.o
LOAD ./TIM/tim.o
LOAD ./SRC/Startup/startup_ch32x035.o
LOAD ./SRC/Peripheral/src/ch32x035_adc.o
LOAD ./SRC/Peripheral/src/ch32x035_awu.o
LOAD ./SRC/Peripheral/src/ch32x035_dbgmcu.o
LOAD ./SRC/Peripheral/src/ch32x035_dma.o
LOAD ./SRC/Peripheral/src/ch32x035_exti.o
LOAD ./SRC/Peripheral/src/ch32x035_flash.o
LOAD ./SRC/Peripheral/src/ch32x035_gpio.o
LOAD ./SRC/Peripheral/src/ch32x035_i2c.o
LOAD ./SRC/Peripheral/src/ch32x035_iwdg.o
LOAD ./SRC/Peripheral/src/ch32x035_misc.o
LOAD ./SRC/Peripheral/src/ch32x035_opa.o
LOAD ./SRC/Peripheral/src/ch32x035_pwr.o
LOAD ./SRC/Peripheral/src/ch32x035_rcc.o
LOAD ./SRC/Peripheral/src/ch32x035_spi.o
LOAD ./SRC/Peripheral/src/ch32x035_tim.o
LOAD ./SRC/Peripheral/src/ch32x035_usart.o
LOAD ./SRC/Peripheral/src/ch32x035_wwdg.o
LOAD ./SRC/Debug/debug.o
LOAD ./SRC/Core/core_riscv.o
LOAD ./GPIOCTRL/gpio.o
LOAD ./ADC/ADC.o
LOAD d:/mounriver_studio/toolchain/risc-v embedded gcc/bin/../lib/gcc/riscv-none-embed/8.2.0/rv32imacxw/ilp32\libgcc.a
LOAD d:/mounriver_studio/toolchain/risc-v embedded gcc/bin/../lib/gcc/riscv-none-embed/8.2.0/../../../../riscv-none-embed/lib/rv32imacxw/ilp32\libg_nano.a
LOAD d:/mounriver_studio/toolchain/risc-v embedded gcc/bin/../lib/gcc/riscv-none-embed/8.2.0/../../../../riscv-none-embed/lib/rv32imacxw/ilp32\libc_nano.a
LOAD d:/mounriver_studio/toolchain/risc-v embedded gcc/bin/../lib/gcc/riscv-none-embed/8.2.0/rv32imacxw/ilp32\libgcc.a
START GROUP
LOAD d:/mounriver_studio/toolchain/risc-v embedded gcc/bin/../lib/gcc/riscv-none-embed/8.2.0/rv32imacxw/ilp32\libgcc.a
LOAD d:/mounriver_studio/toolchain/risc-v embedded gcc/bin/../lib/gcc/riscv-none-embed/8.2.0/../../../../riscv-none-embed/lib/rv32imacxw/ilp32\libc_nano.a
LOAD d:/mounriver_studio/toolchain/risc-v embedded gcc/bin/../lib/gcc/riscv-none-embed/8.2.0/../../../../riscv-none-embed/lib/rv32imacxw/ilp32\libnosys.a
END GROUP
START GROUP
LOAD d:/mounriver_studio/toolchain/risc-v embedded gcc/bin/../lib/gcc/riscv-none-embed/8.2.0/rv32imacxw/ilp32\libgcc.a
LOAD d:/mounriver_studio/toolchain/risc-v embedded gcc/bin/../lib/gcc/riscv-none-embed/8.2.0/../../../../riscv-none-embed/lib/rv32imacxw/ilp32\libc_nano.a
LOAD d:/mounriver_studio/toolchain/risc-v embedded gcc/bin/../lib/gcc/riscv-none-embed/8.2.0/../../../../riscv-none-embed/lib/rv32imacxw/ilp32\libnosys.a
END GROUP
                0x0000000000000800                __stack_size = 0x800
                [!provide]                        PROVIDE (_stack_size = __stack_size)

.init           0x0000000000000000        0x4
                0x0000000000000000                _sinit = .
                0x0000000000000000                . = ALIGN (0x4)
 *(SORT_NONE(.init))
 .init          0x0000000000000000        0x4 ./SRC/Startup/startup_ch32x035.o
                0x0000000000000000                _start
                0x0000000000000004                . = ALIGN (0x4)
                0x0000000000000004                _einit = .

.vector         0x0000000000000004       0xfc
 *(.vector)
 .vector        0x0000000000000004       0xdc ./SRC/Startup/startup_ch32x035.o
                0x0000000000000100                . = ALIGN (0x40)
 *fill*         0x00000000000000e0       0x20 

.text           0x0000000000000100     0x31e0
                0x0000000000000100                . = ALIGN (0x4)
 *(.text)
 .text          0x0000000000000100       0x60 d:/mounriver_studio/toolchain/risc-v embedded gcc/bin/../lib/gcc/riscv-none-embed/8.2.0/rv32imacxw/ilp32\libgcc.a(save-restore.o)
                0x0000000000000100                __riscv_save_12
                0x0000000000000108                __riscv_save_9
                0x0000000000000108                __riscv_save_11
                0x0000000000000108                __riscv_save_10
                0x0000000000000108                __riscv_save_8
                0x0000000000000116                __riscv_save_4
                0x0000000000000116                __riscv_save_6
                0x0000000000000116                __riscv_save_5
                0x0000000000000116                __riscv_save_7
                0x0000000000000130                __riscv_save_3
                0x0000000000000130                __riscv_save_2
                0x0000000000000130                __riscv_save_1
                0x0000000000000130                __riscv_save_0
                0x000000000000013c                __riscv_restore_12
                0x0000000000000140                __riscv_restore_11
                0x0000000000000140                __riscv_restore_9
                0x0000000000000140                __riscv_restore_10
                0x0000000000000140                __riscv_restore_8
                0x000000000000014a                __riscv_restore_5
                0x000000000000014a                __riscv_restore_7
                0x000000000000014a                __riscv_restore_6
                0x000000000000014a                __riscv_restore_4
                0x0000000000000154                __riscv_restore_3
                0x0000000000000154                __riscv_restore_0
                0x0000000000000154                __riscv_restore_2
                0x0000000000000154                __riscv_restore_1
 .text          0x0000000000000160       0xa8 d:/mounriver_studio/toolchain/risc-v embedded gcc/bin/../lib/gcc/riscv-none-embed/8.2.0/../../../../riscv-none-embed/lib/rv32imacxw/ilp32\libg_nano.a(lib_a-memset.o)
                0x0000000000000160                memset
 *(.text.*)
 .text.NMI_Handler
                0x0000000000000208        0x2 ./User/ch32x035_it.o
                0x0000000000000208                NMI_Handler
 .text.HardFault_Handler
                0x000000000000020a        0x2 ./User/ch32x035_it.o
                0x000000000000020a                HardFault_Handler
 .text.startup.main
                0x000000000000020c      0x1b6 ./User/main.o
                0x000000000000020c                main
 .text.TIM3_IRQHandler
                0x00000000000003c2       0x30 ./User/main.o
                0x00000000000003c2                TIM3_IRQHandler
 .text.SystemInit
                0x00000000000003f2       0x42 ./User/system_ch32x035.o
                0x00000000000003f2                SystemInit
 .text.SystemCoreClockUpdate
                0x0000000000000434       0x3e ./User/system_ch32x035.o
                0x0000000000000434                SystemCoreClockUpdate
 .text.PD_Rx_Mode
                0x0000000000000472       0x52 ./USBPD/PD_Basicfun.o
                0x0000000000000472                PD_Rx_Mode
 .text.PD_SINK_Init
                0x00000000000004c4       0x1a ./USBPD/PD_Basicfun.o
                0x00000000000004c4                PD_SINK_Init
 .text.PD_PHY_Reset
                0x00000000000004de       0x1a ./USBPD/PD_Basicfun.o
                0x00000000000004de                PD_PHY_Reset
 .text.PD_Init  0x00000000000004f8       0x7a ./USBPD/PD_Basicfun.o
                0x00000000000004f8                PD_Init
 .text.PD_Detect
                0x0000000000000572       0xaa ./USBPD/PD_Basicfun.o
                0x0000000000000572                PD_Detect
 .text.PD_Det_Proc
                0x000000000000061c       0x9e ./USBPD/PD_Basicfun.o
                0x000000000000061c                PD_Det_Proc
 .text.PD_Phy_SendPack
                0x00000000000006ba       0xbe ./USBPD/PD_Basicfun.o
                0x00000000000006ba                PD_Phy_SendPack
 .text.PD_Send_Handle.part.3
                0x0000000000000778       0xae ./USBPD/PD_Basicfun.o
 .text.PD_Load_Header
                0x0000000000000826       0x52 ./USBPD/PD_Basicfun.o
                0x0000000000000826                PD_Load_Header
 .text.PD_Send_Handle
                0x0000000000000878       0x1e ./USBPD/PD_Basicfun.o
                0x0000000000000878                PD_Send_Handle
 .text.PD_Send_TXBUF
                0x0000000000000896       0x80 ./USBPD/PD_Basicfun.o
                0x0000000000000896                PD_Send_TXBUF
 .text.PD_PDO_Analyse
                0x0000000000000916       0x36 ./USBPD/PD_Basicfun.o
                0x0000000000000916                PD_PDO_Analyse
 .text.PDO_Request
                0x000000000000094c       0xb0 ./USBPD/PD_Basicfun.o
                0x000000000000094c                PDO_Request
 .text.PD_Save_Adapter_SrcCap
                0x00000000000009fc       0x68 ./USBPD/PD_Basicfun.o
                0x00000000000009fc                PD_Save_Adapter_SrcCap
 .text.PD_PHY_TX_DPAttention_Table
                0x0000000000000a64       0x52 ./USBPD/PD_Process.o
                0x0000000000000a64                PD_PHY_TX_DPAttention_Table
 .text.PD_PHY_TX_DPAttention_Table_1
                0x0000000000000ab6       0x52 ./USBPD/PD_Process.o
                0x0000000000000ab6                PD_PHY_TX_DPAttention_Table_1
 .text.vdm_process
                0x0000000000000b08      0x21a ./USBPD/PD_Process.o
                0x0000000000000b08                vdm_process
 .text.PD_Message_Process
                0x0000000000000d22      0x1a2 ./USBPD/PD_Process.o
                0x0000000000000d22                PD_Message_Process
 .text.USBPD_IRQHandler
                0x0000000000000ec4      0x11c ./USBPD/PD_Process.o
                0x0000000000000ec4                USBPD_IRQHandler
 .text.PD_Main_Proc
                0x0000000000000fe0       0xfe ./USBPD/PD_Process.o
                0x0000000000000fe0                PD_Main_Proc
 .text.TIM3_Init
                0x00000000000010de       0x62 ./TIM/tim.o
                0x00000000000010de                TIM3_Init
 .text.TIM1_PWMOut_Init
                0x0000000000001140       0x98 ./TIM/tim.o
                0x0000000000001140                TIM1_PWMOut_Init
 .text.SCR_PWMOut
                0x00000000000011d8       0x28 ./TIM/tim.o
                0x00000000000011d8                SCR_PWMOut
 .text.vector_handler
                0x0000000000001200       0x5a ./SRC/Startup/startup_ch32x035.o
                0x0000000000001204                Ecall_M_Mode_Handler
                0x0000000000001206                Ecall_U_Mode_Handler
                0x0000000000001208                Break_Point_Handler
                0x000000000000120a                SysTick_Handler
                0x000000000000120c                SW_Handler
                0x000000000000120e                WWDG_IRQHandler
                0x0000000000001210                PVD_IRQHandler
                0x0000000000001212                FLASH_IRQHandler
                0x0000000000001214                EXTI7_0_IRQHandler
                0x0000000000001216                AWU_IRQHandler
                0x0000000000001218                DMA1_Channel1_IRQHandler
                0x000000000000121a                DMA1_Channel2_IRQHandler
                0x000000000000121c                DMA1_Channel3_IRQHandler
                0x000000000000121e                DMA1_Channel4_IRQHandler
                0x0000000000001220                DMA1_Channel5_IRQHandler
                0x0000000000001222                DMA1_Channel6_IRQHandler
                0x0000000000001224                DMA1_Channel7_IRQHandler
                0x0000000000001226                ADC1_IRQHandler
                0x0000000000001228                I2C1_EV_IRQHandler
                0x000000000000122a                I2C1_ER_IRQHandler
                0x000000000000122c                USART1_IRQHandler
                0x000000000000122e                SPI1_IRQHandler
                0x0000000000001230                TIM1_BRK_IRQHandler
                0x0000000000001232                TIM1_UP_IRQHandler
                0x0000000000001234                TIM1_TRG_COM_IRQHandler
                0x0000000000001236                TIM1_CC_IRQHandler
                0x0000000000001238                TIM2_UP_IRQHandler
                0x000000000000123a                USART2_IRQHandler
                0x000000000000123c                EXTI15_8_IRQHandler
                0x000000000000123e                EXTI25_16_IRQHandler
                0x0000000000001240                USART3_IRQHandler
                0x0000000000001242                USART4_IRQHandler
                0x0000000000001244                DMA1_Channel8_IRQHandler
                0x0000000000001246                USBFS_IRQHandler
                0x0000000000001248                USBFSWakeUp_IRQHandler
                0x000000000000124a                PIOC_IRQHandler
                0x000000000000124c                OPA_IRQHandler
                0x0000000000001250                USBPDWakeUp_IRQHandler
                0x0000000000001252                TIM2_CC_IRQHandler
                0x0000000000001254                TIM2_TRG_COM_IRQHandler
                0x0000000000001256                TIM2_BRK_IRQHandler
 .text.handle_reset
                0x000000000000125a       0x86 ./SRC/Startup/startup_ch32x035.o
                0x000000000000125a                handle_reset
 .text.DBGMCU_GetCHIPID
                0x00000000000012e0        0xa ./SRC/Peripheral/src/ch32x035_dbgmcu.o
                0x00000000000012e0                DBGMCU_GetCHIPID
 .text.GPIO_Init
                0x00000000000012ea      0x16e ./SRC/Peripheral/src/ch32x035_gpio.o
                0x00000000000012ea                GPIO_Init
 .text.GPIO_ReadInputDataBit
                0x0000000000001458        0xa ./SRC/Peripheral/src/ch32x035_gpio.o
                0x0000000000001458                GPIO_ReadInputDataBit
 .text.GPIO_SetBits
                0x0000000000001462       0x16 ./SRC/Peripheral/src/ch32x035_gpio.o
                0x0000000000001462                GPIO_SetBits
 .text.GPIO_ResetBits
                0x0000000000001478        0x4 ./SRC/Peripheral/src/ch32x035_gpio.o
                0x0000000000001478                GPIO_ResetBits
 .text.NVIC_PriorityGroupConfig
                0x000000000000147c        0x6 ./SRC/Peripheral/src/ch32x035_misc.o
                0x000000000000147c                NVIC_PriorityGroupConfig
 .text.NVIC_Init
                0x0000000000001482       0xa6 ./SRC/Peripheral/src/ch32x035_misc.o
                0x0000000000001482                NVIC_Init
 .text.RCC_GetClocksFreq
                0x0000000000001528       0x3e ./SRC/Peripheral/src/ch32x035_rcc.o
                0x0000000000001528                RCC_GetClocksFreq
 .text.RCC_AHBPeriphClockCmd
                0x0000000000001566       0x1e ./SRC/Peripheral/src/ch32x035_rcc.o
                0x0000000000001566                RCC_AHBPeriphClockCmd
 .text.RCC_APB2PeriphClockCmd
                0x0000000000001584       0x1e ./SRC/Peripheral/src/ch32x035_rcc.o
                0x0000000000001584                RCC_APB2PeriphClockCmd
 .text.RCC_APB1PeriphClockCmd
                0x00000000000015a2       0x1e ./SRC/Peripheral/src/ch32x035_rcc.o
                0x00000000000015a2                RCC_APB1PeriphClockCmd
 .text.TIM_TimeBaseInit
                0x00000000000015c0       0x56 ./SRC/Peripheral/src/ch32x035_tim.o
                0x00000000000015c0                TIM_TimeBaseInit
 .text.TIM_OC1Init
                0x0000000000001616       0x72 ./SRC/Peripheral/src/ch32x035_tim.o
                0x0000000000001616                TIM_OC1Init
 .text.TIM_Cmd  0x0000000000001688       0x18 ./SRC/Peripheral/src/ch32x035_tim.o
                0x0000000000001688                TIM_Cmd
 .text.TIM_CtrlPWMOutputs
                0x00000000000016a0       0x16 ./SRC/Peripheral/src/ch32x035_tim.o
                0x00000000000016a0                TIM_CtrlPWMOutputs
 .text.TIM_ITConfig
                0x00000000000016b6       0x12 ./SRC/Peripheral/src/ch32x035_tim.o
                0x00000000000016b6                TIM_ITConfig
 .text.TIM_ARRPreloadConfig
                0x00000000000016c8       0x1a ./SRC/Peripheral/src/ch32x035_tim.o
                0x00000000000016c8                TIM_ARRPreloadConfig
 .text.TIM_OC1PreloadConfig
                0x00000000000016e2        0xe ./SRC/Peripheral/src/ch32x035_tim.o
                0x00000000000016e2                TIM_OC1PreloadConfig
 .text.TIM_GetITStatus
                0x00000000000016f0       0x18 ./SRC/Peripheral/src/ch32x035_tim.o
                0x00000000000016f0                TIM_GetITStatus
 .text.TIM_ClearITPendingBit
                0x0000000000001708        0xc ./SRC/Peripheral/src/ch32x035_tim.o
                0x0000000000001708                TIM_ClearITPendingBit
 .text.USART_Init
                0x0000000000001714       0x8e ./SRC/Peripheral/src/ch32x035_usart.o
                0x0000000000001714                USART_Init
 .text.USART_Cmd
                0x00000000000017a2       0x16 ./SRC/Peripheral/src/ch32x035_usart.o
                0x00000000000017a2                USART_Cmd
 .text.USART_SendData
                0x00000000000017b8        0x8 ./SRC/Peripheral/src/ch32x035_usart.o
                0x00000000000017b8                USART_SendData
 .text.USART_GetFlagStatus
                0x00000000000017c0        0xa ./SRC/Peripheral/src/ch32x035_usart.o
                0x00000000000017c0                USART_GetFlagStatus
 .text.Delay_Init
                0x00000000000017ca       0x2a ./SRC/Debug/debug.o
                0x00000000000017ca                Delay_Init
 .text.Delay_Us
                0x00000000000017f4       0x36 ./SRC/Debug/debug.o
                0x00000000000017f4                Delay_Us
 .text.Delay_Ms
                0x000000000000182a       0x36 ./SRC/Debug/debug.o
                0x000000000000182a                Delay_Ms
 .text.USART_Printf_Init
                0x0000000000001860       0x54 ./SRC/Debug/debug.o
                0x0000000000001860                USART_Printf_Init
 .text._write   0x00000000000018b4       0x3a ./SRC/Debug/debug.o
                0x00000000000018b4                _write
 .text._sbrk    0x00000000000018ee       0x26 ./SRC/Debug/debug.o
                0x00000000000018ee                _sbrk
 .text.MUX_INIT
                0x0000000000001914       0x6c ./GPIOCTRL/gpio.o
                0x0000000000001914                MUX_INIT
 .text.MUX_CONF
                0x0000000000001980       0x2a ./GPIOCTRL/gpio.o
                0x0000000000001980                MUX_CONF
 .text.SWITCH_INIT
                0x00000000000019aa       0x50 ./GPIOCTRL/gpio.o
                0x00000000000019aa                SWITCH_INIT
 .text.SWITCH_CONF
                0x00000000000019fa       0x2e ./GPIOCTRL/gpio.o
                0x00000000000019fa                SWITCH_CONF
 .text.SCRPOWER_INIT
                0x0000000000001a28       0x4e ./GPIOCTRL/gpio.o
                0x0000000000001a28                SCRPOWER_INIT
 .text.SCRPOWER_CONF
                0x0000000000001a76       0x4a ./GPIOCTRL/gpio.o
                0x0000000000001a76                SCRPOWER_CONF
 .text.SCR_INIT
                0x0000000000001ac0       0x6c ./GPIOCTRL/gpio.o
                0x0000000000001ac0                SCR_INIT
 .text.SCR_CONF
                0x0000000000001b2c       0x2c ./GPIOCTRL/gpio.o
                0x0000000000001b2c                SCR_CONF
 .text.DPHPD_INIT
                0x0000000000001b58       0x3e ./GPIOCTRL/gpio.o
                0x0000000000001b58                DPHPD_INIT
 .text.LED_INIT
                0x0000000000001b96       0x48 ./GPIOCTRL/gpio.o
                0x0000000000001b96                LED_INIT
 .text.LED_TURN
                0x0000000000001bde       0x3e ./GPIOCTRL/gpio.o
                0x0000000000001bde                LED_TURN
 .text.memcpy   0x0000000000001c1c       0xb2 d:/mounriver_studio/toolchain/risc-v embedded gcc/bin/../lib/gcc/riscv-none-embed/8.2.0/../../../../riscv-none-embed/lib/rv32imacxw/ilp32\libg_nano.a(lib_a-memcpy.o)
                0x0000000000001c1c                memcpy
 .text.printf   0x0000000000001cce       0x40 d:/mounriver_studio/toolchain/risc-v embedded gcc/bin/../lib/gcc/riscv-none-embed/8.2.0/../../../../riscv-none-embed/lib/rv32imacxw/ilp32\libg_nano.a(lib_a-printf.o)
                0x0000000000001cce                iprintf
                0x0000000000001cce                printf
 .text._puts_r  0x0000000000001d0e       0xd4 d:/mounriver_studio/toolchain/risc-v embedded gcc/bin/../lib/gcc/riscv-none-embed/8.2.0/../../../../riscv-none-embed/lib/rv32imacxw/ilp32\libg_nano.a(lib_a-puts.o)
                0x0000000000001d0e                _puts_r
 .text.puts     0x0000000000001de2        0xa d:/mounriver_studio/toolchain/risc-v embedded gcc/bin/../lib/gcc/riscv-none-embed/8.2.0/../../../../riscv-none-embed/lib/rv32imacxw/ilp32\libg_nano.a(lib_a-puts.o)
                0x0000000000001de2                puts
 .text.__swbuf_r
                0x0000000000001dec       0xbc d:/mounriver_studio/toolchain/risc-v embedded gcc/bin/../lib/gcc/riscv-none-embed/8.2.0/../../../../riscv-none-embed/lib/rv32imacxw/ilp32\libg_nano.a(lib_a-wbuf.o)
                0x0000000000001dec                __swbuf_r
 .text.__swsetup_r
                0x0000000000001ea8       0xfc d:/mounriver_studio/toolchain/risc-v embedded gcc/bin/../lib/gcc/riscv-none-embed/8.2.0/../../../../riscv-none-embed/lib/rv32imacxw/ilp32\libg_nano.a(lib_a-wsetup.o)
                0x0000000000001ea8                __swsetup_r
 .text.__sflush_r
                0x0000000000001fa4      0x130 d:/mounriver_studio/toolchain/risc-v embedded gcc/bin/../lib/gcc/riscv-none-embed/8.2.0/../../../../riscv-none-embed/lib/rv32imacxw/ilp32\libg_nano.a(lib_a-fflush.o)
                0x0000000000001fa4                __sflush_r
 .text._fflush_r
                0x00000000000020d4       0x64 d:/mounriver_studio/toolchain/risc-v embedded gcc/bin/../lib/gcc/riscv-none-embed/8.2.0/../../../../riscv-none-embed/lib/rv32imacxw/ilp32\libg_nano.a(lib_a-fflush.o)
                0x00000000000020d4                _fflush_r
 .text.std      0x0000000000002138       0x66 d:/mounriver_studio/toolchain/risc-v embedded gcc/bin/../lib/gcc/riscv-none-embed/8.2.0/../../../../riscv-none-embed/lib/rv32imacxw/ilp32\libg_nano.a(lib_a-findfp.o)
 .text._cleanup_r
                0x000000000000219e        0xa d:/mounriver_studio/toolchain/risc-v embedded gcc/bin/../lib/gcc/riscv-none-embed/8.2.0/../../../../riscv-none-embed/lib/rv32imacxw/ilp32\libg_nano.a(lib_a-findfp.o)
                0x000000000000219e                _cleanup_r
 .text.__sfmoreglue
                0x00000000000021a8       0x46 d:/mounriver_studio/toolchain/risc-v embedded gcc/bin/../lib/gcc/riscv-none-embed/8.2.0/../../../../riscv-none-embed/lib/rv32imacxw/ilp32\libg_nano.a(lib_a-findfp.o)
                0x00000000000021a8                __sfmoreglue
 .text.__sinit  0x00000000000021ee       0x66 d:/mounriver_studio/toolchain/risc-v embedded gcc/bin/../lib/gcc/riscv-none-embed/8.2.0/../../../../riscv-none-embed/lib/rv32imacxw/ilp32\libg_nano.a(lib_a-findfp.o)
                0x00000000000021ee                __sinit
 .text.__sfp    0x0000000000002254       0x9c d:/mounriver_studio/toolchain/risc-v embedded gcc/bin/../lib/gcc/riscv-none-embed/8.2.0/../../../../riscv-none-embed/lib/rv32imacxw/ilp32\libg_nano.a(lib_a-findfp.o)
                0x0000000000002254                __sfp
 .text._fwalk_reent
                0x00000000000022f0       0x6a d:/mounriver_studio/toolchain/risc-v embedded gcc/bin/../lib/gcc/riscv-none-embed/8.2.0/../../../../riscv-none-embed/lib/rv32imacxw/ilp32\libg_nano.a(lib_a-fwalk.o)
                0x00000000000022f0                _fwalk_reent
 .text.__swhatbuf_r
                0x000000000000235a       0x58 d:/mounriver_studio/toolchain/risc-v embedded gcc/bin/../lib/gcc/riscv-none-embed/8.2.0/../../../../riscv-none-embed/lib/rv32imacxw/ilp32\libg_nano.a(lib_a-makebuf.o)
                0x000000000000235a                __swhatbuf_r
 .text.__smakebuf_r
                0x00000000000023b2       0x90 d:/mounriver_studio/toolchain/risc-v embedded gcc/bin/../lib/gcc/riscv-none-embed/8.2.0/../../../../riscv-none-embed/lib/rv32imacxw/ilp32\libg_nano.a(lib_a-makebuf.o)
                0x00000000000023b2                __smakebuf_r
 .text._free_r  0x0000000000002442       0xa8 d:/mounriver_studio/toolchain/risc-v embedded gcc/bin/../lib/gcc/riscv-none-embed/8.2.0/../../../../riscv-none-embed/lib/rv32imacxw/ilp32\libg_nano.a(lib_a-nano-freer.o)
                0x0000000000002442                _free_r
 .text._malloc_r
                0x00000000000024ea       0xd4 d:/mounriver_studio/toolchain/risc-v embedded gcc/bin/../lib/gcc/riscv-none-embed/8.2.0/../../../../riscv-none-embed/lib/rv32imacxw/ilp32\libg_nano.a(lib_a-nano-mallocr.o)
                0x00000000000024ea                _malloc_r
 .text.__sfputc_r
                0x00000000000025be       0x28 d:/mounriver_studio/toolchain/risc-v embedded gcc/bin/../lib/gcc/riscv-none-embed/8.2.0/../../../../riscv-none-embed/lib/rv32imacxw/ilp32\libg_nano.a(lib_a-nano-vfprintf.o)
 .text.__sfputs_r
                0x00000000000025e6       0x40 d:/mounriver_studio/toolchain/risc-v embedded gcc/bin/../lib/gcc/riscv-none-embed/8.2.0/../../../../riscv-none-embed/lib/rv32imacxw/ilp32\libg_nano.a(lib_a-nano-vfprintf.o)
                0x00000000000025e6                __sfputs_r
 .text._vfprintf_r
                0x0000000000002626      0x286 d:/mounriver_studio/toolchain/risc-v embedded gcc/bin/../lib/gcc/riscv-none-embed/8.2.0/../../../../riscv-none-embed/lib/rv32imacxw/ilp32\libg_nano.a(lib_a-nano-vfprintf.o)
                0x0000000000002626                _vfprintf_r
                0x0000000000002626                _vfiprintf_r
 .text._printf_common
                0x00000000000028ac      0x10c d:/mounriver_studio/toolchain/risc-v embedded gcc/bin/../lib/gcc/riscv-none-embed/8.2.0/../../../../riscv-none-embed/lib/rv32imacxw/ilp32\libg_nano.a(lib_a-nano-vfprintf_i.o)
                0x00000000000028ac                _printf_common
 .text._printf_i
                0x00000000000029b8      0x2a2 d:/mounriver_studio/toolchain/risc-v embedded gcc/bin/../lib/gcc/riscv-none-embed/8.2.0/../../../../riscv-none-embed/lib/rv32imacxw/ilp32\libg_nano.a(lib_a-nano-vfprintf_i.o)
                0x00000000000029b8                _printf_i
 .text._sbrk_r  0x0000000000002c5a       0x2a d:/mounriver_studio/toolchain/risc-v embedded gcc/bin/../lib/gcc/riscv-none-embed/8.2.0/../../../../riscv-none-embed/lib/rv32imacxw/ilp32\libg_nano.a(lib_a-sbrkr.o)
                0x0000000000002c5a                _sbrk_r
 .text.__sread  0x0000000000002c84       0x2c d:/mounriver_studio/toolchain/risc-v embedded gcc/bin/../lib/gcc/riscv-none-embed/8.2.0/../../../../riscv-none-embed/lib/rv32imacxw/ilp32\libg_nano.a(lib_a-stdio.o)
                0x0000000000002c84                __sread
 .text.__swrite
                0x0000000000002cb0       0x48 d:/mounriver_studio/toolchain/risc-v embedded gcc/bin/../lib/gcc/riscv-none-embed/8.2.0/../../../../riscv-none-embed/lib/rv32imacxw/ilp32\libg_nano.a(lib_a-stdio.o)
                0x0000000000002cb0                __swrite
 .text.__sseek  0x0000000000002cf8       0x30 d:/mounriver_studio/toolchain/risc-v embedded gcc/bin/../lib/gcc/riscv-none-embed/8.2.0/../../../../riscv-none-embed/lib/rv32imacxw/ilp32\libg_nano.a(lib_a-stdio.o)
                0x0000000000002cf8                __sseek
 .text.__sclose
                0x0000000000002d28        0x6 d:/mounriver_studio/toolchain/risc-v embedded gcc/bin/../lib/gcc/riscv-none-embed/8.2.0/../../../../riscv-none-embed/lib/rv32imacxw/ilp32\libg_nano.a(lib_a-stdio.o)
                0x0000000000002d28                __sclose
 .text._write_r
                0x0000000000002d2e       0x2e d:/mounriver_studio/toolchain/risc-v embedded gcc/bin/../lib/gcc/riscv-none-embed/8.2.0/../../../../riscv-none-embed/lib/rv32imacxw/ilp32\libg_nano.a(lib_a-writer.o)
                0x0000000000002d2e                _write_r
 .text._close_r
                0x0000000000002d5c       0x28 d:/mounriver_studio/toolchain/risc-v embedded gcc/bin/../lib/gcc/riscv-none-embed/8.2.0/../../../../riscv-none-embed/lib/rv32imacxw/ilp32\libg_nano.a(lib_a-closer.o)
                0x0000000000002d5c                _close_r
 .text._fstat_r
                0x0000000000002d84       0x2a d:/mounriver_studio/toolchain/risc-v embedded gcc/bin/../lib/gcc/riscv-none-embed/8.2.0/../../../../riscv-none-embed/lib/rv32imacxw/ilp32\libg_nano.a(lib_a-fstatr.o)
                0x0000000000002d84                _fstat_r
 .text._isatty_r
                0x0000000000002dae       0x28 d:/mounriver_studio/toolchain/risc-v embedded gcc/bin/../lib/gcc/riscv-none-embed/8.2.0/../../../../riscv-none-embed/lib/rv32imacxw/ilp32\libg_nano.a(lib_a-isattyr.o)
                0x0000000000002dae                _isatty_r
 .text._lseek_r
                0x0000000000002dd6       0x2c d:/mounriver_studio/toolchain/risc-v embedded gcc/bin/../lib/gcc/riscv-none-embed/8.2.0/../../../../riscv-none-embed/lib/rv32imacxw/ilp32\libg_nano.a(lib_a-lseekr.o)
                0x0000000000002dd6                _lseek_r
 .text.memchr   0x0000000000002e02       0x18 d:/mounriver_studio/toolchain/risc-v embedded gcc/bin/../lib/gcc/riscv-none-embed/8.2.0/../../../../riscv-none-embed/lib/rv32imacxw/ilp32\libg_nano.a(lib_a-memchr.o)
                0x0000000000002e02                memchr
 .text.__malloc_lock
                0x0000000000002e1a        0x2 d:/mounriver_studio/toolchain/risc-v embedded gcc/bin/../lib/gcc/riscv-none-embed/8.2.0/../../../../riscv-none-embed/lib/rv32imacxw/ilp32\libg_nano.a(lib_a-mlock.o)
                0x0000000000002e1a                __malloc_lock
 .text.__malloc_unlock
                0x0000000000002e1c        0x2 d:/mounriver_studio/toolchain/risc-v embedded gcc/bin/../lib/gcc/riscv-none-embed/8.2.0/../../../../riscv-none-embed/lib/rv32imacxw/ilp32\libg_nano.a(lib_a-mlock.o)
                0x0000000000002e1c                __malloc_unlock
 .text._read_r  0x0000000000002e1e       0x2c d:/mounriver_studio/toolchain/risc-v embedded gcc/bin/../lib/gcc/riscv-none-embed/8.2.0/../../../../riscv-none-embed/lib/rv32imacxw/ilp32\libg_nano.a(lib_a-readr.o)
                0x0000000000002e1e                _read_r
 .text._close   0x0000000000002e4a        0xc d:/mounriver_studio/toolchain/risc-v embedded gcc/bin/../lib/gcc/riscv-none-embed/8.2.0/../../../../riscv-none-embed/lib/rv32imacxw/ilp32\libnosys.a(close.o)
                0x0000000000002e4a                _close
 .text._fstat   0x0000000000002e56        0xc d:/mounriver_studio/toolchain/risc-v embedded gcc/bin/../lib/gcc/riscv-none-embed/8.2.0/../../../../riscv-none-embed/lib/rv32imacxw/ilp32\libnosys.a(fstat.o)
                0x0000000000002e56                _fstat
 .text._isatty  0x0000000000002e62        0xc d:/mounriver_studio/toolchain/risc-v embedded gcc/bin/../lib/gcc/riscv-none-embed/8.2.0/../../../../riscv-none-embed/lib/rv32imacxw/ilp32\libnosys.a(isatty.o)
                0x0000000000002e62                _isatty
 .text._lseek   0x0000000000002e6e        0xc d:/mounriver_studio/toolchain/risc-v embedded gcc/bin/../lib/gcc/riscv-none-embed/8.2.0/../../../../riscv-none-embed/lib/rv32imacxw/ilp32\libnosys.a(lseek.o)
                0x0000000000002e6e                _lseek
 .text._read    0x0000000000002e7a        0xc d:/mounriver_studio/toolchain/risc-v embedded gcc/bin/../lib/gcc/riscv-none-embed/8.2.0/../../../../riscv-none-embed/lib/rv32imacxw/ilp32\libnosys.a(read.o)
                0x0000000000002e7a                _read
 *(.rodata)
 *(.rodata*)
 *fill*         0x0000000000002e86        0x2 
 .rodata.main   0x0000000000002e88       0x18 ./User/main.o
 .rodata.main.str1.4
                0x0000000000002ea0       0x83 ./User/main.o
 *fill*         0x0000000000002f23        0x1 
 .rodata.PDO_Request.str1.4
                0x0000000000002f24       0x3d ./USBPD/PD_Basicfun.o
 *fill*         0x0000000000002f61        0x3 
 .rodata.PD_Det_Proc.str1.4
                0x0000000000002f64       0x13 ./USBPD/PD_Basicfun.o
 *fill*         0x0000000000002f77        0x1 
 .rodata.vdm_process
                0x0000000000002f78       0x44 ./USBPD/PD_Process.o
 .rodata.PD_Message_Process
                0x0000000000002fbc       0x48 ./USBPD/PD_Process.o
 .rodata.PD_Main_Proc.str1.4
                0x0000000000003004        0xe ./USBPD/PD_Process.o
 *fill*         0x0000000000003012        0x2 
 .rodata.PD_Message_Process.str1.4
                0x0000000000003014      0x131 ./USBPD/PD_Process.o
 *fill*         0x0000000000003145        0x3 
 .rodata.USBPD_IRQHandler.str1.4
                0x0000000000003148       0x3c ./USBPD/PD_Process.o
 .rodata.vdm_process.str1.4
                0x0000000000003184       0xbd ./USBPD/PD_Process.o
 *fill*         0x0000000000003241        0x3 
 .rodata.__sf_fake_stderr
                0x0000000000003244       0x20 d:/mounriver_studio/toolchain/risc-v embedded gcc/bin/../lib/gcc/riscv-none-embed/8.2.0/../../../../riscv-none-embed/lib/rv32imacxw/ilp32\libg_nano.a(lib_a-findfp.o)
                0x0000000000003244                __sf_fake_stderr
 .rodata.__sf_fake_stdin
                0x0000000000003264       0x20 d:/mounriver_studio/toolchain/risc-v embedded gcc/bin/../lib/gcc/riscv-none-embed/8.2.0/../../../../riscv-none-embed/lib/rv32imacxw/ilp32\libg_nano.a(lib_a-findfp.o)
                0x0000000000003264                __sf_fake_stdin
 .rodata.__sf_fake_stdout
                0x0000000000003284       0x20 d:/mounriver_studio/toolchain/risc-v embedded gcc/bin/../lib/gcc/riscv-none-embed/8.2.0/../../../../riscv-none-embed/lib/rv32imacxw/ilp32\libg_nano.a(lib_a-findfp.o)
                0x0000000000003284                __sf_fake_stdout
 .rodata._vfprintf_r.str1.4
                0x00000000000032a4       0x13 d:/mounriver_studio/toolchain/risc-v embedded gcc/bin/../lib/gcc/riscv-none-embed/8.2.0/../../../../riscv-none-embed/lib/rv32imacxw/ilp32\libg_nano.a(lib_a-nano-vfprintf.o)
 *fill*         0x00000000000032b7        0x1 
 .rodata._printf_i.str1.4
                0x00000000000032b8       0x28 d:/mounriver_studio/toolchain/risc-v embedded gcc/bin/../lib/gcc/riscv-none-embed/8.2.0/../../../../riscv-none-embed/lib/rv32imacxw/ilp32\libg_nano.a(lib_a-nano-vfprintf_i.o)
                                         0x25 (size before relaxing)
 *(.gnu.linkonce.t.*)
                0x00000000000032e0                . = ALIGN (0x4)

.rela.dyn       0x00000000000032e0        0x0
 .rela.init     0x00000000000032e0        0x0 ./User/ch32x035_it.o
 .rela.vector   0x00000000000032e0        0x0 ./User/ch32x035_it.o
 .rela.text.handle_reset
                0x00000000000032e0        0x0 ./User/ch32x035_it.o
 .rela.text._sbrk
                0x00000000000032e0        0x0 ./User/ch32x035_it.o
 .rela.sdata.curbrk.4453
                0x00000000000032e0        0x0 ./User/ch32x035_it.o
 .rela.text._vfprintf_r
                0x00000000000032e0        0x0 ./User/ch32x035_it.o
 .rela.text._sbrk_r
                0x00000000000032e0        0x0 ./User/ch32x035_it.o
 .rela.text._write_r
                0x00000000000032e0        0x0 ./User/ch32x035_it.o
 .rela.text._close_r
                0x00000000000032e0        0x0 ./User/ch32x035_it.o
 .rela.text._fstat_r
                0x00000000000032e0        0x0 ./User/ch32x035_it.o
 .rela.text._isatty_r
                0x00000000000032e0        0x0 ./User/ch32x035_it.o
 .rela.text._lseek_r
                0x00000000000032e0        0x0 ./User/ch32x035_it.o
 .rela.text._read_r
                0x00000000000032e0        0x0 ./User/ch32x035_it.o
 .rela.text._close
                0x00000000000032e0        0x0 ./User/ch32x035_it.o
 .rela.text._fstat
                0x00000000000032e0        0x0 ./User/ch32x035_it.o
 .rela.text._isatty
                0x00000000000032e0        0x0 ./User/ch32x035_it.o
 .rela.text._lseek
                0x00000000000032e0        0x0 ./User/ch32x035_it.o
 .rela.text._read
                0x00000000000032e0        0x0 ./User/ch32x035_it.o

.fini           0x00000000000032e0        0x0
 *(SORT_NONE(.fini))
                0x00000000000032e0                . = ALIGN (0x4)
                [!provide]                        PROVIDE (_etext = .)
                [!provide]                        PROVIDE (_eitcm = .)

.preinit_array  0x00000000000032e0        0x0
                [!provide]                        PROVIDE (__preinit_array_start = .)
 *(.preinit_array)
                [!provide]                        PROVIDE (__preinit_array_end = .)

.init_array     0x00000000000032e0        0x0
                [!provide]                        PROVIDE (__init_array_start = .)
 *(SORT_BY_INIT_PRIORITY(.init_array.*) SORT_BY_INIT_PRIORITY(.ctors.*))
 *(.init_array EXCLUDE_FILE(*crtend?.o *crtend.o *crtbegin?.o *crtbegin.o) .ctors)
                [!provide]                        PROVIDE (__init_array_end = .)

.fini_array     0x00000000000032e0        0x0
                [!provide]                        PROVIDE (__fini_array_start = .)
 *(SORT_BY_INIT_PRIORITY(.fini_array.*) SORT_BY_INIT_PRIORITY(.dtors.*))
 *(.fini_array EXCLUDE_FILE(*crtend?.o *crtend.o *crtbegin?.o *crtbegin.o) .dtors)
                [!provide]                        PROVIDE (__fini_array_end = .)

.ctors
 *crtbegin.o(.ctors)
 *crtbegin?.o(.ctors)
 *(EXCLUDE_FILE(*crtend?.o *crtend.o) .ctors)
 *(SORT_BY_NAME(.ctors.*))
 *(.ctors)

.dtors
 *crtbegin.o(.dtors)
 *crtbegin?.o(.dtors)
 *(EXCLUDE_FILE(*crtend?.o *crtend.o) .dtors)
 *(SORT_BY_NAME(.dtors.*))
 *(.dtors)

.dalign         0x0000000020000000        0x0 load address 0x00000000000032e0
                0x0000000020000000                . = ALIGN (0x4)
                0x0000000020000000                PROVIDE (_data_vma = .)

.dlalign        0x00000000000032e0        0x0
                0x00000000000032e0                . = ALIGN (0x4)
                0x00000000000032e0                PROVIDE (_data_lma = .)

.data           0x0000000020000000       0xf8 load address 0x00000000000032e0
 *(.gnu.linkonce.r.*)
 *(.data .data.*)
 .data.AHBPrescTable
                0x0000000020000000       0x10 ./User/system_ch32x035.o
                0x0000000020000000                AHBPrescTable
 .data.ACK_Disc_Ident
                0x0000000020000010       0x10 ./USBPD/PD_Process.o
                0x0000000020000010                ACK_Disc_Ident
 .data.SrcCap_Ext_Tab
                0x0000000020000020       0x1c ./USBPD/PD_Process.o
                0x0000000020000020                SrcCap_Ext_Tab
 .data.APBAHBPrescTable
                0x000000002000003c       0x10 ./SRC/Peripheral/src/ch32x035_rcc.o
 .data.impure_data
                0x000000002000004c       0x60 d:/mounriver_studio/toolchain/risc-v embedded gcc/bin/../lib/gcc/riscv-none-embed/8.2.0/../../../../riscv-none-embed/lib/rv32imacxw/ilp32\libg_nano.a(lib_a-impure.o)
 *(.gnu.linkonce.d.*)
                0x00000000200000b0                . = ALIGN (0x8)
 *fill*         0x00000000200000ac        0x4 
                0x00000000200008b0                PROVIDE (__global_pointer$ = (. + 0x800))
 *(.sdata .sdata.*)
 .sdata.SystemCoreClock
                0x00000000200000b0        0x4 ./User/system_ch32x035.o
                0x00000000200000b0                SystemCoreClock
 .sdata.SrcCap_5V3A_Tab
                0x00000000200000b4        0x4 ./USBPD/PD_Basicfun.o
                0x00000000200000b4                SrcCap_5V3A_Tab
 .sdata.ACK_DP_Stat_Pos_1
                0x00000000200000b8        0x4 ./USBPD/PD_Process.o
                0x00000000200000b8                ACK_DP_Stat_Pos_1
 .sdata.ACK_Disc_Mode
                0x00000000200000bc        0x4 ./USBPD/PD_Process.o
                0x00000000200000bc                ACK_Disc_Mode
 .sdata.ACK_Disc_SVID
                0x00000000200000c0        0x4 ./USBPD/PD_Process.o
                0x00000000200000c0                ACK_Disc_SVID
 .sdata.DPAttention_Table
                0x00000000200000c4        0x8 ./USBPD/PD_Process.o
                0x00000000200000c4                DPAttention_Table
 .sdata.DPAttention_Table_1
                0x00000000200000cc        0x8 ./USBPD/PD_Process.o
                0x00000000200000cc                DPAttention_Table_1
 .sdata.SinkCap_5V1A_Tab
                0x00000000200000d4        0x4 ./USBPD/PD_Process.o
                0x00000000200000d4                SinkCap_5V1A_Tab
 .sdata.Status_Ext_Tab
                0x00000000200000d8        0x8 ./USBPD/PD_Process.o
                0x00000000200000d8                Status_Ext_Tab
 .sdata.CFGHR_tmpA
                0x00000000200000e0        0x4 ./SRC/Peripheral/src/ch32x035_gpio.o
                0x00000000200000e0                CFGHR_tmpA
 .sdata.CFGHR_tmpB
                0x00000000200000e4        0x4 ./SRC/Peripheral/src/ch32x035_gpio.o
                0x00000000200000e4                CFGHR_tmpB
 .sdata.CFGHR_tmpC
                0x00000000200000e8        0x4 ./SRC/Peripheral/src/ch32x035_gpio.o
                0x00000000200000e8                CFGHR_tmpC
 .sdata.curbrk.4453
                0x00000000200000ec        0x4 ./SRC/Debug/debug.o
 .sdata._impure_ptr
                0x00000000200000f0        0x4 d:/mounriver_studio/toolchain/risc-v embedded gcc/bin/../lib/gcc/riscv-none-embed/8.2.0/../../../../riscv-none-embed/lib/rv32imacxw/ilp32\libg_nano.a(lib_a-impure.o)
                0x00000000200000f0                _impure_ptr
 *(.sdata2.*)
 .sdata2._global_impure_ptr
                0x00000000200000f4        0x4 d:/mounriver_studio/toolchain/risc-v embedded gcc/bin/../lib/gcc/riscv-none-embed/8.2.0/../../../../riscv-none-embed/lib/rv32imacxw/ilp32\libg_nano.a(lib_a-impure.o)
                0x00000000200000f4                _global_impure_ptr
 *(.gnu.linkonce.s.*)
                0x00000000200000f8                . = ALIGN (0x8)
 *(.srodata.cst16)
 *(.srodata.cst8)
 *(.srodata.cst4)
 *(.srodata.cst2)
 *(.srodata .srodata.*)
                0x00000000200000f8                . = ALIGN (0x4)
                0x00000000200000f8                PROVIDE (_edata = .)

.bss            0x00000000200000f8       0xa8 load address 0x00000000000033d8
                0x00000000200000f8                . = ALIGN (0x4)
                0x00000000200000f8                PROVIDE (_sbss = .)
 *(.sbss*)
 .sbss.Tim_Ms_Cnt
                0x00000000200000f8        0x1 ./User/main.o
                0x00000000200000f8                Tim_Ms_Cnt
 .sbss.flg_a    0x00000000200000f9        0x1 ./User/main.o
                0x00000000200000f9                flg_a
 .sbss.PDO_Len  0x00000000200000fa        0x1 ./USBPD/PD_Basicfun.o
                0x00000000200000fa                PDO_Len
 .sbss.Tmr_Ms_Cnt_Last
                0x00000000200000fb        0x1 ./USBPD/PD_Basicfun.o
                0x00000000200000fb                Tmr_Ms_Cnt_Last
 .sbss.Tmr_Ms_Dlt
                0x00000000200000fc        0x1 ./USBPD/PD_Basicfun.o
                0x00000000200000fc                Tmr_Ms_Dlt
 *fill*         0x00000000200000fd        0x3 
 .sbss.PD_Ack_Buf
                0x0000000020000100        0x2 ./USBPD/PD_Process.o
                0x0000000020000100                PD_Ack_Buf
 .sbss.Recv2    0x0000000020000102        0x1 ./USBPD/PD_Process.o
                0x0000000020000102                Recv2
 *fill*         0x0000000020000103        0x1 
 .sbss.NVIC_Priority_Group
                0x0000000020000104        0x4 ./SRC/Peripheral/src/ch32x035_misc.o
                0x0000000020000104                NVIC_Priority_Group
 .sbss.p_ms     0x0000000020000108        0x2 ./SRC/Debug/debug.o
 .sbss.p_us     0x000000002000010a        0x1 ./SRC/Debug/debug.o
 *fill*         0x000000002000010b        0x1 
 .sbss.__malloc_free_list
                0x000000002000010c        0x4 d:/mounriver_studio/toolchain/risc-v embedded gcc/bin/../lib/gcc/riscv-none-embed/8.2.0/../../../../riscv-none-embed/lib/rv32imacxw/ilp32\libg_nano.a(lib_a-nano-mallocr.o)
                0x000000002000010c                __malloc_free_list
 .sbss.__malloc_sbrk_start
                0x0000000020000110        0x4 d:/mounriver_studio/toolchain/risc-v embedded gcc/bin/../lib/gcc/riscv-none-embed/8.2.0/../../../../riscv-none-embed/lib/rv32imacxw/ilp32\libg_nano.a(lib_a-nano-mallocr.o)
                0x0000000020000110                __malloc_sbrk_start
 *(.gnu.linkonce.sb.*)
 *(.bss*)
 .bss.Adapter_SrcCap
                0x0000000020000114       0x1e ./USBPD/PD_Basicfun.o
                0x0000000020000114                Adapter_SrcCap
 *fill*         0x0000000020000132        0x2 
 .bss.PD_Ctl    0x0000000020000134       0x20 ./USBPD/PD_Basicfun.o
                0x0000000020000134                PD_Ctl
 .bss.PD_Rx_Buf
                0x0000000020000154       0x22 ./USBPD/PD_Process.o
                0x0000000020000154                PD_Rx_Buf
 *fill*         0x0000000020000176        0x2 
 .bss.PD_Tx_Buf
                0x0000000020000178       0x22 ./USBPD/PD_Process.o
                0x0000000020000178                PD_Tx_Buf
 *(.gnu.linkonce.b.*)
 *(COMMON*)
 *fill*         0x000000002000019a        0x2 
 COMMON         0x000000002000019c        0x4 d:/mounriver_studio/toolchain/risc-v embedded gcc/bin/../lib/gcc/riscv-none-embed/8.2.0/../../../../riscv-none-embed/lib/rv32imacxw/ilp32\libg_nano.a(lib_a-reent.o)
                0x000000002000019c                errno
                0x00000000200001a0                . = ALIGN (0x4)
                0x00000000200001a0                PROVIDE (_ebss = .)
                0x00000000200001a0                PROVIDE (_end = _ebss)
                [!provide]                        PROVIDE (end = .)

.stack          0x0000000020004800      0x800
                0x0000000020004800                PROVIDE (_heap_end = .)
                0x0000000020004800                . = ALIGN (0x4)
                [!provide]                        PROVIDE (_susrstack = .)
                0x0000000020005000                . = (. + __stack_size)
 *fill*         0x0000000020004800      0x800 
                0x0000000020005000                PROVIDE (_eusrstack = .)
OUTPUT(C+DP2EDP-V1.1.elf elf32-littleriscv)

.debug_info     0x0000000000000000    0x10b78
 .debug_info    0x0000000000000000      0x962 ./User/ch32x035_it.o
 .debug_info    0x0000000000000962     0x15a9 ./User/main.o
 .debug_info    0x0000000000001f0b      0xb56 ./User/system_ch32x035.o
 .debug_info    0x0000000000002a61     0x1cb6 ./USBPD/PD_Basicfun.o
 .debug_info    0x0000000000004717     0x19e5 ./USBPD/PD_Process.o
 .debug_info    0x00000000000060fc     0x131f ./TIM/tim.o
 .debug_info    0x000000000000741b       0x22 ./SRC/Startup/startup_ch32x035.o
 .debug_info    0x000000000000743d      0xa94 ./SRC/Peripheral/src/ch32x035_dbgmcu.o
 .debug_info    0x0000000000007ed1     0x11c9 ./SRC/Peripheral/src/ch32x035_gpio.o
 .debug_info    0x000000000000909a      0xe46 ./SRC/Peripheral/src/ch32x035_misc.o
 .debug_info    0x0000000000009ee0      0xd8f ./SRC/Peripheral/src/ch32x035_rcc.o
 .debug_info    0x000000000000ac6f     0x2b87 ./SRC/Peripheral/src/ch32x035_tim.o
 .debug_info    0x000000000000d7f6     0x1333 ./SRC/Peripheral/src/ch32x035_usart.o
 .debug_info    0x000000000000eb29      0xf43 ./SRC/Debug/debug.o
 .debug_info    0x000000000000fa6c     0x110c ./GPIOCTRL/gpio.o

.debug_abbrev   0x0000000000000000     0x2bbe
 .debug_abbrev  0x0000000000000000      0x1cf ./User/ch32x035_it.o
 .debug_abbrev  0x00000000000001cf      0x327 ./User/main.o
 .debug_abbrev  0x00000000000004f6      0x258 ./User/system_ch32x035.o
 .debug_abbrev  0x000000000000074e      0x50d ./USBPD/PD_Basicfun.o
 .debug_abbrev  0x0000000000000c5b      0x3b6 ./USBPD/PD_Process.o
 .debug_abbrev  0x0000000000001011      0x2a5 ./TIM/tim.o
 .debug_abbrev  0x00000000000012b6       0x12 ./SRC/Startup/startup_ch32x035.o
 .debug_abbrev  0x00000000000012c8      0x2f7 ./SRC/Peripheral/src/ch32x035_dbgmcu.o
 .debug_abbrev  0x00000000000015bf      0x34b ./SRC/Peripheral/src/ch32x035_gpio.o
 .debug_abbrev  0x000000000000190a      0x2fb ./SRC/Peripheral/src/ch32x035_misc.o
 .debug_abbrev  0x0000000000001c05      0x326 ./SRC/Peripheral/src/ch32x035_rcc.o
 .debug_abbrev  0x0000000000001f2b      0x418 ./SRC/Peripheral/src/ch32x035_tim.o
 .debug_abbrev  0x0000000000002343      0x312 ./SRC/Peripheral/src/ch32x035_usart.o
 .debug_abbrev  0x0000000000002655      0x2f1 ./SRC/Debug/debug.o
 .debug_abbrev  0x0000000000002946      0x278 ./GPIOCTRL/gpio.o

.debug_aranges  0x0000000000000000      0x7e0
 .debug_aranges
                0x0000000000000000       0x28 ./User/ch32x035_it.o
 .debug_aranges
                0x0000000000000028       0x28 ./User/main.o
 .debug_aranges
                0x0000000000000050       0x28 ./User/system_ch32x035.o
 .debug_aranges
                0x0000000000000078       0x90 ./USBPD/PD_Basicfun.o
 .debug_aranges
                0x0000000000000108       0x48 ./USBPD/PD_Process.o
 .debug_aranges
                0x0000000000000150       0x30 ./TIM/tim.o
 .debug_aranges
                0x0000000000000180       0x30 ./SRC/Startup/startup_ch32x035.o
 .debug_aranges
                0x00000000000001b0       0x48 ./SRC/Peripheral/src/ch32x035_dbgmcu.o
 .debug_aranges
                0x00000000000001f8       0x98 ./SRC/Peripheral/src/ch32x035_gpio.o
 .debug_aranges
                0x0000000000000290       0x28 ./SRC/Peripheral/src/ch32x035_misc.o
 .debug_aranges
                0x00000000000002b8       0x80 ./SRC/Peripheral/src/ch32x035_rcc.o
 .debug_aranges
                0x0000000000000338      0x2f0 ./SRC/Peripheral/src/ch32x035_tim.o
 .debug_aranges
                0x0000000000000628       0xf0 ./SRC/Peripheral/src/ch32x035_usart.o
 .debug_aranges
                0x0000000000000718       0x50 ./SRC/Debug/debug.o
 .debug_aranges
                0x0000000000000768       0x78 ./GPIOCTRL/gpio.o

.debug_ranges   0x0000000000000000      0x7e8
 .debug_ranges  0x0000000000000000       0x18 ./User/ch32x035_it.o
 .debug_ranges  0x0000000000000018       0x18 ./User/main.o
 .debug_ranges  0x0000000000000030       0x18 ./User/system_ch32x035.o
 .debug_ranges  0x0000000000000048       0xe0 ./USBPD/PD_Basicfun.o
 .debug_ranges  0x0000000000000128       0x50 ./USBPD/PD_Process.o
 .debug_ranges  0x0000000000000178       0x20 ./TIM/tim.o
 .debug_ranges  0x0000000000000198       0x28 ./SRC/Startup/startup_ch32x035.o
 .debug_ranges  0x00000000000001c0       0x50 ./SRC/Peripheral/src/ch32x035_dbgmcu.o
 .debug_ranges  0x0000000000000210       0x88 ./SRC/Peripheral/src/ch32x035_gpio.o
 .debug_ranges  0x0000000000000298       0x48 ./SRC/Peripheral/src/ch32x035_misc.o
 .debug_ranges  0x00000000000002e0       0x70 ./SRC/Peripheral/src/ch32x035_rcc.o
 .debug_ranges  0x0000000000000350      0x310 ./SRC/Peripheral/src/ch32x035_tim.o
 .debug_ranges  0x0000000000000660       0xe0 ./SRC/Peripheral/src/ch32x035_usart.o
 .debug_ranges  0x0000000000000740       0x40 ./SRC/Debug/debug.o
 .debug_ranges  0x0000000000000780       0x68 ./GPIOCTRL/gpio.o

.debug_line     0x0000000000000000     0xac05
 .debug_line    0x0000000000000000      0x218 ./User/ch32x035_it.o
 .debug_line    0x0000000000000218      0x782 ./User/main.o
 .debug_line    0x000000000000099a      0x35c ./User/system_ch32x035.o
 .debug_line    0x0000000000000cf6     0x13eb ./USBPD/PD_Basicfun.o
 .debug_line    0x00000000000020e1     0x1056 ./USBPD/PD_Process.o
 .debug_line    0x0000000000003137      0x5d1 ./TIM/tim.o
 .debug_line    0x0000000000003708      0x22a ./SRC/Startup/startup_ch32x035.o
 .debug_line    0x0000000000003932      0x359 ./SRC/Peripheral/src/ch32x035_dbgmcu.o
 .debug_line    0x0000000000003c8b     0x1253 ./SRC/Peripheral/src/ch32x035_gpio.o
 .debug_line    0x0000000000004ede      0x4a8 ./SRC/Peripheral/src/ch32x035_misc.o
 .debug_line    0x0000000000005386      0x79d ./SRC/Peripheral/src/ch32x035_rcc.o
 .debug_line    0x0000000000005b23     0x31c1 ./SRC/Peripheral/src/ch32x035_tim.o
 .debug_line    0x0000000000008ce4      0xe4d ./SRC/Peripheral/src/ch32x035_usart.o
 .debug_line    0x0000000000009b31      0x716 ./SRC/Debug/debug.o
 .debug_line    0x000000000000a247      0x9be ./GPIOCTRL/gpio.o

.debug_str      0x0000000000000000     0x2ad4
 .debug_str     0x0000000000000000      0x54a ./User/ch32x035_it.o
                                        0x5ab (size before relaxing)
 .debug_str     0x000000000000054a      0x7eb ./User/main.o
                                        0xdb5 (size before relaxing)
 .debug_str     0x0000000000000d35       0xda ./User/system_ch32x035.o
                                        0x6a9 (size before relaxing)
 .debug_str     0x0000000000000e0f      0x652 ./USBPD/PD_Basicfun.o
                                       0x1158 (size before relaxing)
 .debug_str     0x0000000000001461       0xce ./USBPD/PD_Process.o
                                       0x1019 (size before relaxing)
 .debug_str     0x000000000000152f      0x243 ./TIM/tim.o
                                        0xd6d (size before relaxing)
 .debug_str     0x0000000000001772       0x2e ./SRC/Startup/startup_ch32x035.o
                                         0x5f (size before relaxing)
 .debug_str     0x00000000000017a0       0x8b ./SRC/Peripheral/src/ch32x035_dbgmcu.o
                                        0x63f (size before relaxing)
 .debug_str     0x000000000000182b      0x1fc ./SRC/Peripheral/src/ch32x035_gpio.o
                                        0x945 (size before relaxing)
 .debug_str     0x0000000000001a27       0x7e ./SRC/Peripheral/src/ch32x035_misc.o
                                        0xa11 (size before relaxing)
 .debug_str     0x0000000000001aa5      0x19b ./SRC/Peripheral/src/ch32x035_rcc.o
                                        0x849 (size before relaxing)
 .debug_str     0x0000000000001c40      0x9e5 ./SRC/Peripheral/src/ch32x035_tim.o
                                       0x1379 (size before relaxing)
 .debug_str     0x0000000000002625      0x3ed ./SRC/Peripheral/src/ch32x035_usart.o
                                        0xad2 (size before relaxing)
 .debug_str     0x0000000000002a12       0x8c ./SRC/Debug/debug.o
                                        0x8d3 (size before relaxing)
 .debug_str     0x0000000000002a9e       0x36 ./GPIOCTRL/gpio.o
                                        0x790 (size before relaxing)

.comment        0x0000000000000000       0x33
 .comment       0x0000000000000000       0x33 ./User/ch32x035_it.o
                                         0x34 (size before relaxing)
 .comment       0x0000000000000033       0x34 ./User/main.o
 .comment       0x0000000000000033       0x34 ./User/system_ch32x035.o
 .comment       0x0000000000000033       0x34 ./USBPD/PD_Basicfun.o
 .comment       0x0000000000000033       0x34 ./USBPD/PD_Process.o
 .comment       0x0000000000000033       0x34 ./TIM/tim.o
 .comment       0x0000000000000033       0x34 ./SRC/Peripheral/src/ch32x035_dbgmcu.o
 .comment       0x0000000000000033       0x34 ./SRC/Peripheral/src/ch32x035_gpio.o
 .comment       0x0000000000000033       0x34 ./SRC/Peripheral/src/ch32x035_misc.o
 .comment       0x0000000000000033       0x34 ./SRC/Peripheral/src/ch32x035_rcc.o
 .comment       0x0000000000000033       0x34 ./SRC/Peripheral/src/ch32x035_tim.o
 .comment       0x0000000000000033       0x34 ./SRC/Peripheral/src/ch32x035_usart.o
 .comment       0x0000000000000033       0x34 ./SRC/Debug/debug.o
 .comment       0x0000000000000033       0x34 ./GPIOCTRL/gpio.o

.debug_frame    0x0000000000000000     0x1a70
 .debug_frame   0x0000000000000000       0x30 ./User/ch32x035_it.o
 .debug_frame   0x0000000000000030       0x50 ./User/main.o
 .debug_frame   0x0000000000000080       0x30 ./User/system_ch32x035.o
 .debug_frame   0x00000000000000b0      0x1c0 ./USBPD/PD_Basicfun.o
 .debug_frame   0x0000000000000270       0xe0 ./USBPD/PD_Process.o
 .debug_frame   0x0000000000000350       0x80 ./TIM/tim.o
 .debug_frame   0x00000000000003d0       0x70 ./SRC/Peripheral/src/ch32x035_dbgmcu.o
 .debug_frame   0x0000000000000440      0x140 ./SRC/Peripheral/src/ch32x035_gpio.o
 .debug_frame   0x0000000000000580       0x30 ./SRC/Peripheral/src/ch32x035_misc.o
 .debug_frame   0x00000000000005b0       0xfc ./SRC/Peripheral/src/ch32x035_rcc.o
 .debug_frame   0x00000000000006ac      0x654 ./SRC/Peripheral/src/ch32x035_tim.o
 .debug_frame   0x0000000000000d00      0x1e4 ./SRC/Peripheral/src/ch32x035_usart.o
 .debug_frame   0x0000000000000ee4       0xb8 ./SRC/Debug/debug.o
 .debug_frame   0x0000000000000f9c      0x1a0 ./GPIOCTRL/gpio.o
 .debug_frame   0x000000000000113c       0x20 d:/mounriver_studio/toolchain/risc-v embedded gcc/bin/../lib/gcc/riscv-none-embed/8.2.0/../../../../riscv-none-embed/lib/rv32imacxw/ilp32\libg_nano.a(lib_a-memcpy.o)
 .debug_frame   0x000000000000115c       0x54 d:/mounriver_studio/toolchain/risc-v embedded gcc/bin/../lib/gcc/riscv-none-embed/8.2.0/../../../../riscv-none-embed/lib/rv32imacxw/ilp32\libg_nano.a(lib_a-printf.o)
 .debug_frame   0x00000000000011b0       0x54 d:/mounriver_studio/toolchain/risc-v embedded gcc/bin/../lib/gcc/riscv-none-embed/8.2.0/../../../../riscv-none-embed/lib/rv32imacxw/ilp32\libg_nano.a(lib_a-puts.o)
 .debug_frame   0x0000000000001204       0x50 d:/mounriver_studio/toolchain/risc-v embedded gcc/bin/../lib/gcc/riscv-none-embed/8.2.0/../../../../riscv-none-embed/lib/rv32imacxw/ilp32\libg_nano.a(lib_a-wbuf.o)
 .debug_frame   0x0000000000001254       0x3c d:/mounriver_studio/toolchain/risc-v embedded gcc/bin/../lib/gcc/riscv-none-embed/8.2.0/../../../../riscv-none-embed/lib/rv32imacxw/ilp32\libg_nano.a(lib_a-wsetup.o)
 .debug_frame   0x0000000000001290       0x7c d:/mounriver_studio/toolchain/risc-v embedded gcc/bin/../lib/gcc/riscv-none-embed/8.2.0/../../../../riscv-none-embed/lib/rv32imacxw/ilp32\libg_nano.a(lib_a-fflush.o)
 .debug_frame   0x000000000000130c      0x148 d:/mounriver_studio/toolchain/risc-v embedded gcc/bin/../lib/gcc/riscv-none-embed/8.2.0/../../../../riscv-none-embed/lib/rv32imacxw/ilp32\libg_nano.a(lib_a-findfp.o)
 .debug_frame   0x0000000000001454       0x88 d:/mounriver_studio/toolchain/risc-v embedded gcc/bin/../lib/gcc/riscv-none-embed/8.2.0/../../../../riscv-none-embed/lib/rv32imacxw/ilp32\libg_nano.a(lib_a-fwalk.o)
 .debug_frame   0x00000000000014dc       0x64 d:/mounriver_studio/toolchain/risc-v embedded gcc/bin/../lib/gcc/riscv-none-embed/8.2.0/../../../../riscv-none-embed/lib/rv32imacxw/ilp32\libg_nano.a(lib_a-makebuf.o)
 .debug_frame   0x0000000000001540       0x40 d:/mounriver_studio/toolchain/risc-v embedded gcc/bin/../lib/gcc/riscv-none-embed/8.2.0/../../../../riscv-none-embed/lib/rv32imacxw/ilp32\libg_nano.a(lib_a-nano-freer.o)
 .debug_frame   0x0000000000001580       0x40 d:/mounriver_studio/toolchain/risc-v embedded gcc/bin/../lib/gcc/riscv-none-embed/8.2.0/../../../../riscv-none-embed/lib/rv32imacxw/ilp32\libg_nano.a(lib_a-nano-mallocr.o)
 .debug_frame   0x00000000000015c0       0xd0 d:/mounriver_studio/toolchain/risc-v embedded gcc/bin/../lib/gcc/riscv-none-embed/8.2.0/../../../../riscv-none-embed/lib/rv32imacxw/ilp32\libg_nano.a(lib_a-nano-vfprintf.o)
 .debug_frame   0x0000000000001690       0x8c d:/mounriver_studio/toolchain/risc-v embedded gcc/bin/../lib/gcc/riscv-none-embed/8.2.0/../../../../riscv-none-embed/lib/rv32imacxw/ilp32\libg_nano.a(lib_a-nano-vfprintf_i.o)
 .debug_frame   0x000000000000171c       0x30 d:/mounriver_studio/toolchain/risc-v embedded gcc/bin/../lib/gcc/riscv-none-embed/8.2.0/../../../../riscv-none-embed/lib/rv32imacxw/ilp32\libg_nano.a(lib_a-sbrkr.o)
 .debug_frame   0x000000000000174c       0xa4 d:/mounriver_studio/toolchain/risc-v embedded gcc/bin/../lib/gcc/riscv-none-embed/8.2.0/../../../../riscv-none-embed/lib/rv32imacxw/ilp32\libg_nano.a(lib_a-stdio.o)
 .debug_frame   0x00000000000017f0       0x30 d:/mounriver_studio/toolchain/risc-v embedded gcc/bin/../lib/gcc/riscv-none-embed/8.2.0/../../../../riscv-none-embed/lib/rv32imacxw/ilp32\libg_nano.a(lib_a-writer.o)
 .debug_frame   0x0000000000001820       0x30 d:/mounriver_studio/toolchain/risc-v embedded gcc/bin/../lib/gcc/riscv-none-embed/8.2.0/../../../../riscv-none-embed/lib/rv32imacxw/ilp32\libg_nano.a(lib_a-closer.o)
 .debug_frame   0x0000000000001850       0x30 d:/mounriver_studio/toolchain/risc-v embedded gcc/bin/../lib/gcc/riscv-none-embed/8.2.0/../../../../riscv-none-embed/lib/rv32imacxw/ilp32\libg_nano.a(lib_a-fstatr.o)
 .debug_frame   0x0000000000001880       0x30 d:/mounriver_studio/toolchain/risc-v embedded gcc/bin/../lib/gcc/riscv-none-embed/8.2.0/../../../../riscv-none-embed/lib/rv32imacxw/ilp32\libg_nano.a(lib_a-isattyr.o)
 .debug_frame   0x00000000000018b0       0x30 d:/mounriver_studio/toolchain/risc-v embedded gcc/bin/../lib/gcc/riscv-none-embed/8.2.0/../../../../riscv-none-embed/lib/rv32imacxw/ilp32\libg_nano.a(lib_a-lseekr.o)
 .debug_frame   0x00000000000018e0       0x20 d:/mounriver_studio/toolchain/risc-v embedded gcc/bin/../lib/gcc/riscv-none-embed/8.2.0/../../../../riscv-none-embed/lib/rv32imacxw/ilp32\libg_nano.a(lib_a-memchr.o)
 .debug_frame   0x0000000000001900       0x30 d:/mounriver_studio/toolchain/risc-v embedded gcc/bin/../lib/gcc/riscv-none-embed/8.2.0/../../../../riscv-none-embed/lib/rv32imacxw/ilp32\libg_nano.a(lib_a-mlock.o)
 .debug_frame   0x0000000000001930       0x30 d:/mounriver_studio/toolchain/risc-v embedded gcc/bin/../lib/gcc/riscv-none-embed/8.2.0/../../../../riscv-none-embed/lib/rv32imacxw/ilp32\libg_nano.a(lib_a-readr.o)
 .debug_frame   0x0000000000001960       0x70 d:/mounriver_studio/toolchain/risc-v embedded gcc/bin/../lib/gcc/riscv-none-embed/8.2.0/../../../../riscv-none-embed/lib/rv32imacxw/ilp32\libg_nano.a(lib_a-reent.o)
 .debug_frame   0x00000000000019d0       0x20 d:/mounriver_studio/toolchain/risc-v embedded gcc/bin/../lib/gcc/riscv-none-embed/8.2.0/../../../../riscv-none-embed/lib/rv32imacxw/ilp32\libnosys.a(close.o)
 .debug_frame   0x00000000000019f0       0x20 d:/mounriver_studio/toolchain/risc-v embedded gcc/bin/../lib/gcc/riscv-none-embed/8.2.0/../../../../riscv-none-embed/lib/rv32imacxw/ilp32\libnosys.a(fstat.o)
 .debug_frame   0x0000000000001a10       0x20 d:/mounriver_studio/toolchain/risc-v embedded gcc/bin/../lib/gcc/riscv-none-embed/8.2.0/../../../../riscv-none-embed/lib/rv32imacxw/ilp32\libnosys.a(isatty.o)
 .debug_frame   0x0000000000001a30       0x20 d:/mounriver_studio/toolchain/risc-v embedded gcc/bin/../lib/gcc/riscv-none-embed/8.2.0/../../../../riscv-none-embed/lib/rv32imacxw/ilp32\libnosys.a(lseek.o)
 .debug_frame   0x0000000000001a50       0x20 d:/mounriver_studio/toolchain/risc-v embedded gcc/bin/../lib/gcc/riscv-none-embed/8.2.0/../../../../riscv-none-embed/lib/rv32imacxw/ilp32\libnosys.a(read.o)

.debug_loc      0x0000000000000000     0x384f
 .debug_loc     0x0000000000000000       0x1f ./User/system_ch32x035.o
 .debug_loc     0x000000000000001f      0x51b ./USBPD/PD_Basicfun.o
 .debug_loc     0x000000000000053a      0x132 ./USBPD/PD_Process.o
 .debug_loc     0x000000000000066c       0xd2 ./TIM/tim.o
 .debug_loc     0x000000000000073e       0x7c ./SRC/Peripheral/src/ch32x035_dbgmcu.o
 .debug_loc     0x00000000000007ba      0x863 ./SRC/Peripheral/src/ch32x035_gpio.o
 .debug_loc     0x000000000000101d       0xce ./SRC/Peripheral/src/ch32x035_misc.o
 .debug_loc     0x00000000000010eb      0x34e ./SRC/Peripheral/src/ch32x035_rcc.o
 .debug_loc     0x0000000000001439     0x19ec ./SRC/Peripheral/src/ch32x035_tim.o
 .debug_loc     0x0000000000002e25      0x715 ./SRC/Peripheral/src/ch32x035_usart.o
 .debug_loc     0x000000000000353a      0x177 ./SRC/Debug/debug.o
 .debug_loc     0x00000000000036b1      0x19e ./GPIOCTRL/gpio.o

.stab           0x0000000000000000       0x84
 .stab          0x0000000000000000       0x24 d:/mounriver_studio/toolchain/risc-v embedded gcc/bin/../lib/gcc/riscv-none-embed/8.2.0/../../../../riscv-none-embed/lib/rv32imacxw/ilp32\libnosys.a(close.o)
 .stab          0x0000000000000024       0x18 d:/mounriver_studio/toolchain/risc-v embedded gcc/bin/../lib/gcc/riscv-none-embed/8.2.0/../../../../riscv-none-embed/lib/rv32imacxw/ilp32\libnosys.a(fstat.o)
                                         0x24 (size before relaxing)
 .stab          0x000000000000003c       0x18 d:/mounriver_studio/toolchain/risc-v embedded gcc/bin/../lib/gcc/riscv-none-embed/8.2.0/../../../../riscv-none-embed/lib/rv32imacxw/ilp32\libnosys.a(isatty.o)
                                         0x24 (size before relaxing)
 .stab          0x0000000000000054       0x18 d:/mounriver_studio/toolchain/risc-v embedded gcc/bin/../lib/gcc/riscv-none-embed/8.2.0/../../../../riscv-none-embed/lib/rv32imacxw/ilp32\libnosys.a(lseek.o)
                                         0x24 (size before relaxing)
 .stab          0x000000000000006c       0x18 d:/mounriver_studio/toolchain/risc-v embedded gcc/bin/../lib/gcc/riscv-none-embed/8.2.0/../../../../riscv-none-embed/lib/rv32imacxw/ilp32\libnosys.a(read.o)
                                         0x24 (size before relaxing)

.stabstr        0x0000000000000000      0x117
 .stabstr       0x0000000000000000      0x117 d:/mounriver_studio/toolchain/risc-v embedded gcc/bin/../lib/gcc/riscv-none-embed/8.2.0/../../../../riscv-none-embed/lib/rv32imacxw/ilp32\libnosys.a(close.o)
