Archive member included to satisfy reference by file (symbol)

d:/mounriver_studio/toolchain/risc-v embedded gcc/bin/../lib/gcc/riscv-none-embed/8.2.0/rv32imacxw/ilp32\libgcc.a(save-restore.o)
                              ./oled/oled.o (__riscv_save_11)
d:/mounriver_studio/toolchain/risc-v embedded gcc/bin/../lib/gcc/riscv-none-embed/8.2.0/../../../../riscv-none-embed/lib/rv32imacxw/ilp32\libg_nano.a(lib_a-memcpy.o)
                              ./USBPD/PD_Basicfun.o (memcpy)
d:/mounriver_studio/toolchain/risc-v embedded gcc/bin/../lib/gcc/riscv-none-embed/8.2.0/../../../../riscv-none-embed/lib/rv32imacxw/ilp32\libg_nano.a(lib_a-memset.o)
                              ./USBPD/PD_Basicfun.o (memset)
d:/mounriver_studio/toolchain/risc-v embedded gcc/bin/../lib/gcc/riscv-none-embed/8.2.0/../../../../riscv-none-embed/lib/rv32imacxw/ilp32\libg_nano.a(lib_a-printf.o)
                              ./User/main.o (printf)
d:/mounriver_studio/toolchain/risc-v embedded gcc/bin/../lib/gcc/riscv-none-embed/8.2.0/../../../../riscv-none-embed/lib/rv32imacxw/ilp32\libg_nano.a(lib_a-puts.o)
                              ./User/main.o (puts)
d:/mounriver_studio/toolchain/risc-v embedded gcc/bin/../lib/gcc/riscv-none-embed/8.2.0/../../../../riscv-none-embed/lib/rv32imacxw/ilp32\libg_nano.a(lib_a-wbuf.o)
                              d:/mounriver_studio/toolchain/risc-v embedded gcc/bin/../lib/gcc/riscv-none-embed/8.2.0/../../../../riscv-none-embed/lib/rv32imacxw/ilp32\libg_nano.a(lib_a-puts.o) (__swbuf_r)
d:/mounriver_studio/toolchain/risc-v embedded gcc/bin/../lib/gcc/riscv-none-embed/8.2.0/../../../../riscv-none-embed/lib/rv32imacxw/ilp32\libg_nano.a(lib_a-wsetup.o)
                              d:/mounriver_studio/toolchain/risc-v embedded gcc/bin/../lib/gcc/riscv-none-embed/8.2.0/../../../../riscv-none-embed/lib/rv32imacxw/ilp32\libg_nano.a(lib_a-puts.o) (__swsetup_r)
d:/mounriver_studio/toolchain/risc-v embedded gcc/bin/../lib/gcc/riscv-none-embed/8.2.0/../../../../riscv-none-embed/lib/rv32imacxw/ilp32\libg_nano.a(lib_a-fflush.o)
                              d:/mounriver_studio/toolchain/risc-v embedded gcc/bin/../lib/gcc/riscv-none-embed/8.2.0/../../../../riscv-none-embed/lib/rv32imacxw/ilp32\libg_nano.a(lib_a-wbuf.o) (_fflush_r)
d:/mounriver_studio/toolchain/risc-v embedded gcc/bin/../lib/gcc/riscv-none-embed/8.2.0/../../../../riscv-none-embed/lib/rv32imacxw/ilp32\libg_nano.a(lib_a-findfp.o)
                              d:/mounriver_studio/toolchain/risc-v embedded gcc/bin/../lib/gcc/riscv-none-embed/8.2.0/../../../../riscv-none-embed/lib/rv32imacxw/ilp32\libg_nano.a(lib_a-printf.o) (__sinit)
d:/mounriver_studio/toolchain/risc-v embedded gcc/bin/../lib/gcc/riscv-none-embed/8.2.0/../../../../riscv-none-embed/lib/rv32imacxw/ilp32\libg_nano.a(lib_a-fwalk.o)
                              d:/mounriver_studio/toolchain/risc-v embedded gcc/bin/../lib/gcc/riscv-none-embed/8.2.0/../../../../riscv-none-embed/lib/rv32imacxw/ilp32\libg_nano.a(lib_a-findfp.o) (_fwalk)
d:/mounriver_studio/toolchain/risc-v embedded gcc/bin/../lib/gcc/riscv-none-embed/8.2.0/../../../../riscv-none-embed/lib/rv32imacxw/ilp32\libg_nano.a(lib_a-impure.o)
                              d:/mounriver_studio/toolchain/risc-v embedded gcc/bin/../lib/gcc/riscv-none-embed/8.2.0/../../../../riscv-none-embed/lib/rv32imacxw/ilp32\libg_nano.a(lib_a-fflush.o) (_global_impure_ptr)
d:/mounriver_studio/toolchain/risc-v embedded gcc/bin/../lib/gcc/riscv-none-embed/8.2.0/../../../../riscv-none-embed/lib/rv32imacxw/ilp32\libg_nano.a(lib_a-makebuf.o)
                              d:/mounriver_studio/toolchain/risc-v embedded gcc/bin/../lib/gcc/riscv-none-embed/8.2.0/../../../../riscv-none-embed/lib/rv32imacxw/ilp32\libg_nano.a(lib_a-wsetup.o) (__smakebuf_r)
d:/mounriver_studio/toolchain/risc-v embedded gcc/bin/../lib/gcc/riscv-none-embed/8.2.0/../../../../riscv-none-embed/lib/rv32imacxw/ilp32\libg_nano.a(lib_a-nano-freer.o)
                              d:/mounriver_studio/toolchain/risc-v embedded gcc/bin/../lib/gcc/riscv-none-embed/8.2.0/../../../../riscv-none-embed/lib/rv32imacxw/ilp32\libg_nano.a(lib_a-wsetup.o) (_free_r)
d:/mounriver_studio/toolchain/risc-v embedded gcc/bin/../lib/gcc/riscv-none-embed/8.2.0/../../../../riscv-none-embed/lib/rv32imacxw/ilp32\libg_nano.a(lib_a-nano-mallocr.o)
                              d:/mounriver_studio/toolchain/risc-v embedded gcc/bin/../lib/gcc/riscv-none-embed/8.2.0/../../../../riscv-none-embed/lib/rv32imacxw/ilp32\libg_nano.a(lib_a-findfp.o) (_malloc_r)
d:/mounriver_studio/toolchain/risc-v embedded gcc/bin/../lib/gcc/riscv-none-embed/8.2.0/../../../../riscv-none-embed/lib/rv32imacxw/ilp32\libg_nano.a(lib_a-nano-vfprintf.o)
                              d:/mounriver_studio/toolchain/risc-v embedded gcc/bin/../lib/gcc/riscv-none-embed/8.2.0/../../../../riscv-none-embed/lib/rv32imacxw/ilp32\libg_nano.a(lib_a-printf.o) (_vfprintf_r)
[...]
Memory Configuration

Name             Origin             Length             Attributes
FLASH            0x0000000000000000 0x000000000000f800 xr
RAM              0x0000000020000000 0x0000000000005000 xrw
*default*        0x0000000000000000 0xffffffffffffffff

Linker script and memory map

LOAD ./oled/oled.o
LOAD ./User/ch32x035_it.o
LOAD ./User/main.o
LOAD ./User/system_ch32x035.o
LOAD ./USBPD/PD_Basicfun.o
LOAD ./USBPD/PD_Process.o
LOAD ./TIM/tim.o
LOAD ./SRC/Startup/startup_ch32x035.o
LOAD ./SRC/Peripheral/src/ch32x035_adc.o
LOAD ./SRC/Peripheral/src/ch32x035_awu.o
LOAD ./SRC/Peripheral/src/ch32x035_dbgmcu.o
LOAD ./SRC/Peripheral/src/ch32x035_dma.o
LOAD ./SRC/Peripheral/src/ch32x035_exti.o
LOAD ./SRC/Peripheral/src/ch32x035_flash.o
LOAD ./SRC/Peripheral/src/ch32x035_gpio.o
LOAD ./SRC/Peripheral/src/ch32x035_i2c.o
LOAD ./SRC/Peripheral/src/ch32x035_iwdg.o
LOAD ./SRC/Peripheral/src/ch32x035_misc.o
LOAD ./SRC/Peripheral/src/ch32x035_opa.o
LOAD ./SRC/Peripheral/src/ch32x035_pwr.o
LOAD ./SRC/Peripheral/src/ch32x035_rcc.o
LOAD ./SRC/Peripheral/src/ch32x035_spi.o
LOAD ./SRC/Peripheral/src/ch32x035_tim.o
LOAD ./SRC/Peripheral/src/ch32x035_usart.o
LOAD ./SRC/Peripheral/src/ch32x035_wwdg.o
LOAD ./SRC/Debug/debug.o
LOAD ./SRC/Core/core_riscv.o
LOAD ./GPIOCTRL/gpio.o
LOAD ./ADC/ADC.o
LOAD d:/mounriver_studio/toolchain/risc-v embedded gcc/bin/../lib/gcc/riscv-none-embed/8.2.0/rv32imacxw/ilp32\libgcc.a
LOAD d:/mounriver_studio/toolchain/risc-v embedded gcc/bin/../lib/gcc/riscv-none-embed/8.2.0/../../../../riscv-none-embed/lib/rv32imacxw/ilp32\libg_nano.a
LOAD d:/mounriver_studio/toolchain/risc-v embedded gcc/bin/../lib/gcc/riscv-none-embed/8.2.0/../../../../riscv-none-embed/lib/rv32imacxw/ilp32\libc_nano.a
LOAD d:/mounriver_studio/toolchain/risc-v embedded gcc/bin/../lib/gcc/riscv-none-embed/8.2.0/rv32imacxw/ilp32\libgcc.a
START GROUP
LOAD d:/mounriver_studio/toolchain/risc-v embedded gcc/bin/../lib/gcc/riscv-none-embed/8.2.0/rv32imacxw/ilp32\libgcc.a
LOAD d:/mounriver_studio/toolchain/risc-v embedded gcc/bin/../lib/gcc/riscv-none-embed/8.2.0/../../../../riscv-none-embed/lib/rv32imacxw/ilp32\libc_nano.a
LOAD d:/mounriver_studio/toolchain/risc-v embedded gcc/bin/../lib/gcc/riscv-none-embed/8.2.0/../../../../riscv-none-embed/lib/rv32imacxw/ilp32\libnosys.a
END GROUP
START GROUP
LOAD d:/mounriver_studio/toolchain/risc-v embedded gcc/bin/../lib/gcc/riscv-none-embed/8.2.0/rv32imacxw/ilp32\libgcc.a
LOAD d:/mounriver_studio/toolchain/risc-v embedded gcc/bin/../lib/gcc/riscv-none-embed/8.2.0/../../../../riscv-none-embed/lib/rv32imacxw/ilp32\libc_nano.a
LOAD d:/mounriver_studio/toolchain/risc-v embedded gcc/bin/../lib/gcc/riscv-none-embed/8.2.0/../../../../riscv-none-embed/lib/rv32imacxw/ilp32\libnosys.a
END GROUP
                0x0000000000000800                __stack_size = 0x800
                [!provide]                        PROVIDE (_stack_size = __stack_size)

.init           0x0000000000000000        0x4
                0x0000000000000000                _sinit = .
                0x0000000000000000                . = ALIGN (0x4)
 *(SORT_NONE(.init))
 .init          0x0000000000000000        0x4 ./SRC/Startup/startup_ch32x035.o
                0x0000000000000000                _start
                0x0000000000000004                . = ALIGN (0x4)
                0x0000000000000004                _einit = .

.vector         0x0000000000000004       0xfc
 *(.vector)
 .vector        0x0000000000000004       0xdc ./SRC/Startup/startup_ch32x035.o
                0x0000000000000100                . = ALIGN (0x40)
 *fill*         0x00000000000000e0       0x20 

.text           0x0000000000000100     0x30cc
                0x0000000000000100                . = ALIGN (0x4)
 *(.text)
 .text          0x0000000000000100       0x60 d:/mounriver_studio/toolchain/risc-v embedded gcc/bin/../lib/gcc/riscv-none-embed/8.2.0/rv32imacxw/ilp32\libgcc.a(save-restore.o)
                0x0000000000000100                __riscv_save_12
                0x0000000000000108                __riscv_save_9
                0x0000000000000108                __riscv_save_11
                0x0000000000000108                __riscv_save_10
                0x0000000000000108                __riscv_save_8
                0x0000000000000116                __riscv_save_4
                0x0000000000000116                __riscv_save_6
                0x0000000000000116                __riscv_save_5
                0x0000000000000116                __riscv_save_7
                0x0000000000000130                __riscv_save_3
                0x0000000000000130                __riscv_save_2
                0x0000000000000130                __riscv_save_1
                0x0000000000000130                __riscv_save_0
                0x000000000000013c                __riscv_restore_12
                0x0000000000000140                __riscv_restore_11
                0x0000000000000140                __riscv_restore_9
                0x0000000000000140                __riscv_restore_10
                0x0000000000000140                __riscv_restore_8
                0x000000000000014a                __riscv_restore_5
                0x000000000000014a                __riscv_restore_7
                0x000000000000014a                __riscv_restore_6
                0x000000000000014a                __riscv_restore_4
                0x0000000000000154                __riscv_restore_3
                0x0000000000000154                __riscv_restore_0
                0x0000000000000154                __riscv_restore_2
                0x0000000000000154                __riscv_restore_1
 .text          0x0000000000000160       0xa8 d:/mounriver_studio/toolchain/risc-v embedded gcc/bin/../lib/gcc/riscv-none-embed/8.2.0/../../../../riscv-none-embed/lib/rv32imacxw/ilp32\libg_nano.a(lib_a-memset.o)
                0x0000000000000160                memset
 *(.text.*)
 .text.NMI_Handler
                0x0000000000000208        0x2 ./User/ch32x035_it.o
                0x0000000000000208                NMI_Handler
 .text.HardFault_Handler
                0x000000000000020a        0x2 ./User/ch32x035_it.o
                0x000000000000020a                HardFault_Handler
 .text.startup.main
                0x000000000000020c      0x1a6 ./User/main.o
                0x000000000000020c                main
 .text.TIM3_IRQHandler
                0x00000000000003b2       0x30 ./User/main.o
                0x00000000000003b2                TIM3_IRQHandler
 .text.SystemInit
                0x00000000000003e2       0x42 ./User/system_ch32x035.o
                0x00000000000003e2                SystemInit
 .text.SystemCoreClockUpdate
                0x0000000000000424       0x3e ./User/system_ch32x035.o
                0x0000000000000424                SystemCoreClockUpdate
 .text.PD_Rx_Mode
                0x0000000000000462       0x52 ./USBPD/PD_Basicfun.o
                0x0000000000000462                PD_Rx_Mode
 .text.PD_SINK_Init
                0x00000000000004b4       0x1a ./USBPD/PD_Basicfun.o
                0x00000000000004b4                PD_SINK_Init
 .text.PD_PHY_Reset
                0x00000000000004ce       0x1a ./USBPD/PD_Basicfun.o
                0x00000000000004ce                PD_PHY_Reset
 .text.PD_Init  0x00000000000004e8       0x7a ./USBPD/PD_Basicfun.o
                0x00000000000004e8                PD_Init
 .text.PD_Detect
                0x0000000000000562       0xaa ./USBPD/PD_Basicfun.o
                0x0000000000000562                PD_Detect
 .text.PD_Det_Proc
                0x000000000000060c       0x9e ./USBPD/PD_Basicfun.o
                0x000000000000060c                PD_Det_Proc
 .text.PD_Phy_SendPack
                0x00000000000006aa       0xbe ./USBPD/PD_Basicfun.o
                0x00000000000006aa                PD_Phy_SendPack
 .text.PD_Send_Handle.part.3
                0x0000000000000768       0xac ./USBPD/PD_Basicfun.o
 .text.PD_Load_Header
                0x0000000000000814       0x52 ./USBPD/PD_Basicfun.o
                0x0000000000000814                PD_Load_Header
 .text.PD_Send_Handle
                0x0000000000000866       0x1e ./USBPD/PD_Basicfun.o
                0x0000000000000866                PD_Send_Handle
 .text.PD_Send_TXBUF
                0x0000000000000884       0x80 ./USBPD/PD_Basicfun.o
                0x0000000000000884                PD_Send_TXBUF
 .text.PD_PDO_Analyse
                0x0000000000000904       0x36 ./USBPD/PD_Basicfun.o
                0x0000000000000904                PD_PDO_Analyse
 .text.PDO_Request
                0x000000000000093a       0xb0 ./USBPD/PD_Basicfun.o
                0x000000000000093a                PDO_Request
 .text.PD_Save_Adapter_SrcCap
                0x00000000000009ea       0x68 ./USBPD/PD_Basicfun.o
                0x00000000000009ea                PD_Save_Adapter_SrcCap
 .text.PD_PHY_TX_DPAttention_Table
                0x0000000000000a52       0x52 ./USBPD/PD_Process.o
                0x0000000000000a52                PD_PHY_TX_DPAttention_Table
 .text.PD_PHY_TX_DPAttention_Table_1
                0x0000000000000aa4       0x52 ./USBPD/PD_Process.o
                0x0000000000000aa4                PD_PHY_TX_DPAttention_Table_1
 .text.vdm_process
                0x0000000000000af6      0x21a ./USBPD/PD_Process.o
                0x0000000000000af6                vdm_process
 .text.PD_Message_Process
                0x0000000000000d10      0x1a2 ./USBPD/PD_Process.o
                0x0000000000000d10                PD_Message_Process
 .text.USBPD_IRQHandler
                0x0000000000000eb2      0x11c ./USBPD/PD_Process.o
                0x0000000000000eb2                USBPD_IRQHandler
 .text.PD_Main_Proc
                0x0000000000000fce       0xfe ./USBPD/PD_Process.o
                0x0000000000000fce                PD_Main_Proc
 .text.TIM3_Init
                0x00000000000010cc       0x62 ./TIM/tim.o
                0x00000000000010cc                TIM3_Init
 .text.vector_handler
                0x000000000000112e       0x5a ./SRC/Startup/startup_ch32x035.o
                0x0000000000001132                Ecall_M_Mode_Handler
                0x0000000000001134                Ecall_U_Mode_Handler
                0x0000000000001136                Break_Point_Handler
                0x0000000000001138                SysTick_Handler
                0x000000000000113a                SW_Handler
                0x000000000000113c                WWDG_IRQHandler
                0x000000000000113e                PVD_IRQHandler
                0x0000000000001140                FLASH_IRQHandler
                0x0000000000001142                EXTI7_0_IRQHandler
                0x0000000000001144                AWU_IRQHandler
                0x0000000000001146                DMA1_Channel1_IRQHandler
                0x0000000000001148                DMA1_Channel2_IRQHandler
                0x000000000000114a                DMA1_Channel3_IRQHandler
                0x000000000000114c                DMA1_Channel4_IRQHandler
                0x000000000000114e                DMA1_Channel5_IRQHandler
                0x0000000000001150                DMA1_Channel6_IRQHandler
                0x0000000000001152                DMA1_Channel7_IRQHandler
                0x0000000000001154                ADC1_IRQHandler
                0x0000000000001156                I2C1_EV_IRQHandler
                0x0000000000001158                I2C1_ER_IRQHandler
                0x000000000000115a                USART1_IRQHandler
                0x000000000000115c                SPI1_IRQHandler
                0x000000000000115e                TIM1_BRK_IRQHandler
                0x0000000000001160                TIM1_UP_IRQHandler
                0x0000000000001162                TIM1_TRG_COM_IRQHandler
                0x0000000000001164                TIM1_CC_IRQHandler
                0x0000000000001166                TIM2_UP_IRQHandler
                0x0000000000001168                USART2_IRQHandler
                0x000000000000116a                EXTI15_8_IRQHandler
                0x000000000000116c                EXTI25_16_IRQHandler
                0x000000000000116e                USART3_IRQHandler
                0x0000000000001170                USART4_IRQHandler
                0x0000000000001172                DMA1_Channel8_IRQHandler
                0x0000000000001174                USBFS_IRQHandler
                0x0000000000001176                USBFSWakeUp_IRQHandler
                0x0000000000001178                PIOC_IRQHandler
                0x000000000000117a                OPA_IRQHandler
                0x000000000000117e                USBPDWakeUp_IRQHandler
                0x0000000000001180                TIM2_CC_IRQHandler
                0x0000000000001182                TIM2_TRG_COM_IRQHandler
                0x0000000000001184                TIM2_BRK_IRQHandler
 .text.handle_reset
                0x0000000000001188       0x86 ./SRC/Startup/startup_ch32x035.o
                0x0000000000001188                handle_reset
 .text.ADC_DeInit
                0x000000000000120e       0x26 ./SRC/Peripheral/src/ch32x035_adc.o
                0x000000000000120e                ADC_DeInit
 .text.ADC_Init
                0x0000000000001234       0x56 ./SRC/Peripheral/src/ch32x035_adc.o
                0x0000000000001234                ADC_Init
 .text.ADC_Cmd  0x000000000000128a       0x10 ./SRC/Peripheral/src/ch32x035_adc.o
                0x000000000000128a                ADC_Cmd
 .text.ADC_DMACmd
                0x000000000000129a       0x12 ./SRC/Peripheral/src/ch32x035_adc.o
                0x000000000000129a                ADC_DMACmd
 .text.ADC_SoftwareStartConvCmd
                0x00000000000012ac       0x18 ./SRC/Peripheral/src/ch32x035_adc.o
                0x00000000000012ac                ADC_SoftwareStartConvCmd
 .text.ADC_RegularChannelConfig
                0x00000000000012c4       0xb8 ./SRC/Peripheral/src/ch32x035_adc.o
                0x00000000000012c4                ADC_RegularChannelConfig
 .text.ADC_GetConversionValue
                0x000000000000137c        0x8 ./SRC/Peripheral/src/ch32x035_adc.o
                0x000000000000137c                ADC_GetConversionValue
 .text.ADC_GetFlagStatus
                0x0000000000001384        0xa ./SRC/Peripheral/src/ch32x035_adc.o
                0x0000000000001384                ADC_GetFlagStatus
 .text.ADC_CLKConfig
                0x000000000000138e        0xc ./SRC/Peripheral/src/ch32x035_adc.o
                0x000000000000138e                ADC_CLKConfig
 .text.DBGMCU_GetCHIPID
                0x000000000000139a        0xa ./SRC/Peripheral/src/ch32x035_dbgmcu.o
                0x000000000000139a                DBGMCU_GetCHIPID
 .text.GPIO_Init
                0x00000000000013a4      0x16e ./SRC/Peripheral/src/ch32x035_gpio.o
                0x00000000000013a4                GPIO_Init
 .text.GPIO_SetBits
                0x0000000000001512       0x16 ./SRC/Peripheral/src/ch32x035_gpio.o
                0x0000000000001512                GPIO_SetBits
 .text.GPIO_ResetBits
                0x0000000000001528        0x4 ./SRC/Peripheral/src/ch32x035_gpio.o
                0x0000000000001528                GPIO_ResetBits
 .text.NVIC_PriorityGroupConfig
                0x000000000000152c        0x6 ./SRC/Peripheral/src/ch32x035_misc.o
                0x000000000000152c                NVIC_PriorityGroupConfig
 .text.NVIC_Init
                0x0000000000001532       0xa6 ./SRC/Peripheral/src/ch32x035_misc.o
                0x0000000000001532                NVIC_Init
 .text.RCC_GetClocksFreq
                0x00000000000015d8       0x3e ./SRC/Peripheral/src/ch32x035_rcc.o
                0x00000000000015d8                RCC_GetClocksFreq
 .text.RCC_AHBPeriphClockCmd
                0x0000000000001616       0x1e ./SRC/Peripheral/src/ch32x035_rcc.o
                0x0000000000001616                RCC_AHBPeriphClockCmd
 .text.RCC_APB2PeriphClockCmd
                0x0000000000001634       0x1e ./SRC/Peripheral/src/ch32x035_rcc.o
                0x0000000000001634                RCC_APB2PeriphClockCmd
 .text.RCC_APB1PeriphClockCmd
                0x0000000000001652       0x1e ./SRC/Peripheral/src/ch32x035_rcc.o
                0x0000000000001652                RCC_APB1PeriphClockCmd
 .text.RCC_APB2PeriphResetCmd
                0x0000000000001670       0x1e ./SRC/Peripheral/src/ch32x035_rcc.o
                0x0000000000001670                RCC_APB2PeriphResetCmd
 .text.TIM_TimeBaseInit
                0x000000000000168e       0x56 ./SRC/Peripheral/src/ch32x035_tim.o
                0x000000000000168e                TIM_TimeBaseInit
 .text.TIM_Cmd  0x00000000000016e4       0x18 ./SRC/Peripheral/src/ch32x035_tim.o
                0x00000000000016e4                TIM_Cmd
 .text.TIM_ITConfig
                0x00000000000016fc       0x12 ./SRC/Peripheral/src/ch32x035_tim.o
                0x00000000000016fc                TIM_ITConfig
 .text.TIM_GetITStatus
                0x000000000000170e       0x18 ./SRC/Peripheral/src/ch32x035_tim.o
                0x000000000000170e                TIM_GetITStatus
 .text.TIM_ClearITPendingBit
                0x0000000000001726        0xc ./SRC/Peripheral/src/ch32x035_tim.o
                0x0000000000001726                TIM_ClearITPendingBit
 .text.USART_Init
                0x0000000000001732       0x8e ./SRC/Peripheral/src/ch32x035_usart.o
                0x0000000000001732                USART_Init
 .text.USART_Cmd
                0x00000000000017c0       0x16 ./SRC/Peripheral/src/ch32x035_usart.o
                0x00000000000017c0                USART_Cmd
 .text.USART_SendData
                0x00000000000017d6        0x8 ./SRC/Peripheral/src/ch32x035_usart.o
                0x00000000000017d6                USART_SendData
 .text.USART_GetFlagStatus
                0x00000000000017de        0xa ./SRC/Peripheral/src/ch32x035_usart.o
                0x00000000000017de                USART_GetFlagStatus
 .text.Delay_Init
                0x00000000000017e8       0x2a ./SRC/Debug/debug.o
                0x00000000000017e8                Delay_Init
 .text.Delay_Us
                0x0000000000001812       0x36 ./SRC/Debug/debug.o
                0x0000000000001812                Delay_Us
 .text.Delay_Ms
                0x0000000000001848       0x36 ./SRC/Debug/debug.o
                0x0000000000001848                Delay_Ms
 .text.USART_Printf_Init
                0x000000000000187e       0x54 ./SRC/Debug/debug.o
                0x000000000000187e                USART_Printf_Init
 .text._write   0x00000000000018d2       0x3a ./SRC/Debug/debug.o
                0x00000000000018d2                _write
 .text._sbrk    0x000000000000190c       0x26 ./SRC/Debug/debug.o
                0x000000000000190c                _sbrk
 .text.MUX_INIT
                0x0000000000001932       0x50 ./GPIOCTRL/gpio.o
                0x0000000000001932                MUX_INIT
 .text.MUX_CONF
                0x0000000000001982       0x2a ./GPIOCTRL/gpio.o
                0x0000000000001982                MUX_CONF
 .text.LED_INIT
                0x00000000000019ac       0x48 ./GPIOCTRL/gpio.o
                0x00000000000019ac                LED_INIT
 .text.LED_TURN
                0x00000000000019f4       0x3e ./GPIOCTRL/gpio.o
                0x00000000000019f4                LED_TURN
 .text.ADC_Function_Init
                0x0000000000001a32       0x8e ./ADC/ADC.o
                0x0000000000001a32                ADC_Function_Init
 .text.Get_ADC_Val
                0x0000000000001ac0       0x3a ./ADC/ADC.o
                0x0000000000001ac0                Get_ADC_Val
 .text.memcpy   0x0000000000001afa       0xb2 d:/mounriver_studio/toolchain/risc-v embedded gcc/bin/../lib/gcc/riscv-none-embed/8.2.0/../../../../riscv-none-embed/lib/rv32imacxw/ilp32\libg_nano.a(lib_a-memcpy.o)
                0x0000000000001afa                memcpy
 .text.printf   0x0000000000001bac       0x40 d:/mounriver_studio/toolchain/risc-v embedded gcc/bin/../lib/gcc/riscv-none-embed/8.2.0/../../../../riscv-none-embed/lib/rv32imacxw/ilp32\libg_nano.a(lib_a-printf.o)
                0x0000000000001bac                iprintf
                0x0000000000001bac                printf
 .text._puts_r  0x0000000000001bec       0xd4 d:/mounriver_studio/toolchain/risc-v embedded gcc/bin/../lib/gcc/riscv-none-embed/8.2.0/../../../../riscv-none-embed/lib/rv32imacxw/ilp32\libg_nano.a(lib_a-puts.o)
                0x0000000000001bec                _puts_r
 .text.puts     0x0000000000001cc0        0xa d:/mounriver_studio/toolchain/risc-v embedded gcc/bin/../lib/gcc/riscv-none-embed/8.2.0/../../../../riscv-none-embed/lib/rv32imacxw/ilp32\libg_nano.a(lib_a-puts.o)
                0x0000000000001cc0                puts
 .text.__swbuf_r
                0x0000000000001cca       0xbc d:/mounriver_studio/toolchain/risc-v embedded gcc/bin/../lib/gcc/riscv-none-embed/8.2.0/../../../../riscv-none-embed/lib/rv32imacxw/ilp32\libg_nano.a(lib_a-wbuf.o)
                0x0000000000001cca                __swbuf_r
 .text.__swsetup_r
                0x0000000000001d86       0xfc d:/mounriver_studio/toolchain/risc-v embedded gcc/bin/../lib/gcc/riscv-none-embed/8.2.0/../../../../riscv-none-embed/lib/rv32imacxw/ilp32\libg_nano.a(lib_a-wsetup.o)
                0x0000000000001d86                __swsetup_r
 .text.__sflush_r
                0x0000000000001e82      0x130 d:/mounriver_studio/toolchain/risc-v embedded gcc/bin/../lib/gcc/riscv-none-embed/8.2.0/../../../../riscv-none-embed/lib/rv32imacxw/ilp32\libg_nano.a(lib_a-fflush.o)
                0x0000000000001e82                __sflush_r
 .text._fflush_r
                0x0000000000001fb2       0x64 d:/mounriver_studio/toolchain/risc-v embedded gcc/bin/../lib/gcc/riscv-none-embed/8.2.0/../../../../riscv-none-embed/lib/rv32imacxw/ilp32\libg_nano.a(lib_a-fflush.o)
                0x0000000000001fb2                _fflush_r
 .text.std      0x0000000000002016       0x66 d:/mounriver_studio/toolchain/risc-v embedded gcc/bin/../lib/gcc/riscv-none-embed/8.2.0/../../../../riscv-none-embed/lib/rv32imacxw/ilp32\libg_nano.a(lib_a-findfp.o)
 .text._cleanup_r
                0x000000000000207c        0xa d:/mounriver_studio/toolchain/risc-v embedded gcc/bin/../lib/gcc/riscv-none-embed/8.2.0/../../../../riscv-none-embed/lib/rv32imacxw/ilp32\libg_nano.a(lib_a-findfp.o)
                0x000000000000207c                _cleanup_r
 .text.__sfmoreglue
                0x0000000000002086       0x46 d:/mounriver_studio/toolchain/risc-v embedded gcc/bin/../lib/gcc/riscv-none-embed/8.2.0/../../../../riscv-none-embed/lib/rv32imacxw/ilp32\libg_nano.a(lib_a-findfp.o)
                0x0000000000002086                __sfmoreglue
 .text.__sinit  0x00000000000020cc       0x66 d:/mounriver_studio/toolchain/risc-v embedded gcc/bin/../lib/gcc/riscv-none-embed/8.2.0/../../../../riscv-none-embed/lib/rv32imacxw/ilp32\libg_nano.a(lib_a-findfp.o)
                0x00000000000020cc                __sinit
 .text.__sfp    0x0000000000002132       0x9c d:/mounriver_studio/toolchain/risc-v embedded gcc/bin/../lib/gcc/riscv-none-embed/8.2.0/../../../../riscv-none-embed/lib/rv32imacxw/ilp32\libg_nano.a(lib_a-findfp.o)
                0x0000000000002132                __sfp
 .text._fwalk_reent
                0x00000000000021ce       0x6a d:/mounriver_studio/toolchain/risc-v embedded gcc/bin/../lib/gcc/riscv-none-embed/8.2.0/../../../../riscv-none-embed/lib/rv32imacxw/ilp32\libg_nano.a(lib_a-fwalk.o)
                0x00000000000021ce                _fwalk_reent
 .text.__swhatbuf_r
                0x0000000000002238       0x58 d:/mounriver_studio/toolchain/risc-v embedded gcc/bin/../lib/gcc/riscv-none-embed/8.2.0/../../../../riscv-none-embed/lib/rv32imacxw/ilp32\libg_nano.a(lib_a-makebuf.o)
                0x0000000000002238                __swhatbuf_r
 .text.__smakebuf_r
                0x0000000000002290       0x90 d:/mounriver_studio/toolchain/risc-v embedded gcc/bin/../lib/gcc/riscv-none-embed/8.2.0/../../../../riscv-none-embed/lib/rv32imacxw/ilp32\libg_nano.a(lib_a-makebuf.o)
                0x0000000000002290                __smakebuf_r
 .text._free_r  0x0000000000002320       0xa8 d:/mounriver_studio/toolchain/risc-v embedded gcc/bin/../lib/gcc/riscv-none-embed/8.2.0/../../../../riscv-none-embed/lib/rv32imacxw/ilp32\libg_nano.a(lib_a-nano-freer.o)
                0x0000000000002320                _free_r
 .text._malloc_r
                0x00000000000023c8       0xd4 d:/mounriver_studio/toolchain/risc-v embedded gcc/bin/../lib/gcc/riscv-none-embed/8.2.0/../../../../riscv-none-embed/lib/rv32imacxw/ilp32\libg_nano.a(lib_a-nano-mallocr.o)
                0x00000000000023c8                _malloc_r
 .text.__sfputc_r
                0x000000000000249c       0x28 d:/mounriver_studio/toolchain/risc-v embedded gcc/bin/../lib/gcc/riscv-none-embed/8.2.0/../../../../riscv-none-embed/lib/rv32imacxw/ilp32\libg_nano.a(lib_a-nano-vfprintf.o)
 .text.__sfputs_r
                0x00000000000024c4       0x40 d:/mounriver_studio/toolchain/risc-v embedded gcc/bin/../lib/gcc/riscv-none-embed/8.2.0/../../../../riscv-none-embed/lib/rv32imacxw/ilp32\libg_nano.a(lib_a-nano-vfprintf.o)
                0x00000000000024c4                __sfputs_r
 .text._vfprintf_r
                0x0000000000002504      0x286 d:/mounriver_studio/toolchain/risc-v embedded gcc/bin/../lib/gcc/riscv-none-embed/8.2.0/../../../../riscv-none-embed/lib/rv32imacxw/ilp32\libg_nano.a(lib_a-nano-vfprintf.o)
                0x0000000000002504                _vfprintf_r
                0x0000000000002504                _vfiprintf_r
 .text._printf_common
                0x000000000000278a      0x10c d:/mounriver_studio/toolchain/risc-v embedded gcc/bin/../lib/gcc/riscv-none-embed/8.2.0/../../../../riscv-none-embed/lib/rv32imacxw/ilp32\libg_nano.a(lib_a-nano-vfprintf_i.o)
                0x000000000000278a                _printf_common
 .text._printf_i
                0x0000000000002896      0x2a2 d:/mounriver_studio/toolchain/risc-v embedded gcc/bin/../lib/gcc/riscv-none-embed/8.2.0/../../../../riscv-none-embed/lib/rv32imacxw/ilp32\libg_nano.a(lib_a-nano-vfprintf_i.o)
                0x0000000000002896                _printf_i
 .text._sbrk_r  0x0000000000002b38       0x2a d:/mounriver_studio/toolchain/risc-v embedded gcc/bin/../lib/gcc/riscv-none-embed/8.2.0/../../../../riscv-none-embed/lib/rv32imacxw/ilp32\libg_nano.a(lib_a-sbrkr.o)
                0x0000000000002b38                _sbrk_r
 .text.__sread  0x0000000000002b62       0x2c d:/mounriver_studio/toolchain/risc-v embedded gcc/bin/../lib/gcc/riscv-none-embed/8.2.0/../../../../riscv-none-embed/lib/rv32imacxw/ilp32\libg_nano.a(lib_a-stdio.o)
                0x0000000000002b62                __sread
 .text.__swrite
                0x0000000000002b8e       0x48 d:/mounriver_studio/toolchain/risc-v embedded gcc/bin/../lib/gcc/riscv-none-embed/8.2.0/../../../../riscv-none-embed/lib/rv32imacxw/ilp32\libg_nano.a(lib_a-stdio.o)
                0x0000000000002b8e                __swrite
 .text.__sseek  0x0000000000002bd6       0x30 d:/mounriver_studio/toolchain/risc-v embedded gcc/bin/../lib/gcc/riscv-none-embed/8.2.0/../../../../riscv-none-embed/lib/rv32imacxw/ilp32\libg_nano.a(lib_a-stdio.o)
                0x0000000000002bd6                __sseek
 .text.__sclose
                0x0000000000002c06        0x6 d:/mounriver_studio/toolchain/risc-v embedded gcc/bin/../lib/gcc/riscv-none-embed/8.2.0/../../../../riscv-none-embed/lib/rv32imacxw/ilp32\libg_nano.a(lib_a-stdio.o)
                0x0000000000002c06                __sclose
 .text._write_r
                0x0000000000002c0c       0x2e d:/mounriver_studio/toolchain/risc-v embedded gcc/bin/../lib/gcc/riscv-none-embed/8.2.0/../../../../riscv-none-embed/lib/rv32imacxw/ilp32\libg_nano.a(lib_a-writer.o)
                0x0000000000002c0c                _write_r
 .text._close_r
                0x0000000000002c3a       0x28 d:/mounriver_studio/toolchain/risc-v embedded gcc/bin/../lib/gcc/riscv-none-embed/8.2.0/../../../../riscv-none-embed/lib/rv32imacxw/ilp32\libg_nano.a(lib_a-closer.o)
                0x0000000000002c3a                _close_r
 .text._fstat_r
                0x0000000000002c62       0x2a d:/mounriver_studio/toolchain/risc-v embedded gcc/bin/../lib/gcc/riscv-none-embed/8.2.0/../../../../riscv-none-embed/lib/rv32imacxw/ilp32\libg_nano.a(lib_a-fstatr.o)
                0x0000000000002c62                _fstat_r
 .text._isatty_r
                0x0000000000002c8c       0x28 d:/mounriver_studio/toolchain/risc-v embedded gcc/bin/../lib/gcc/riscv-none-embed/8.2.0/../../../../riscv-none-embed/lib/rv32imacxw/ilp32\libg_nano.a(lib_a-isattyr.o)
                0x0000000000002c8c                _isatty_r
 .text._lseek_r
                0x0000000000002cb4       0x2c d:/mounriver_studio/toolchain/risc-v embedded gcc/bin/../lib/gcc/riscv-none-embed/8.2.0/../../../../riscv-none-embed/lib/rv32imacxw/ilp32\libg_nano.a(lib_a-lseekr.o)
                0x0000000000002cb4                _lseek_r
 .text.memchr   0x0000000000002ce0       0x18 d:/mounriver_studio/toolchain/risc-v embedded gcc/bin/../lib/gcc/riscv-none-embed/8.2.0/../../../../riscv-none-embed/lib/rv32imacxw/ilp32\libg_nano.a(lib_a-memchr.o)
                0x0000000000002ce0                memchr
 .text.__malloc_lock
                0x0000000000002cf8        0x2 d:/mounriver_studio/toolchain/risc-v embedded gcc/bin/../lib/gcc/riscv-none-embed/8.2.0/../../../../riscv-none-embed/lib/rv32imacxw/ilp32\libg_nano.a(lib_a-mlock.o)
                0x0000000000002cf8                __malloc_lock
 .text.__malloc_unlock
                0x0000000000002cfa        0x2 d:/mounriver_studio/toolchain/risc-v embedded gcc/bin/../lib/gcc/riscv-none-embed/8.2.0/../../../../riscv-none-embed/lib/rv32imacxw/ilp32\libg_nano.a(lib_a-mlock.o)
                0x0000000000002cfa                __malloc_unlock
 .text._read_r  0x0000000000002cfc       0x2c d:/mounriver_studio/toolchain/risc-v embedded gcc/bin/../lib/gcc/riscv-none-embed/8.2.0/../../../../riscv-none-embed/lib/rv32imacxw/ilp32\libg_nano.a(lib_a-readr.o)
                0x0000000000002cfc                _read_r
 .text._close   0x0000000000002d28        0xc d:/mounriver_studio/toolchain/risc-v embedded gcc/bin/../lib/gcc/riscv-none-embed/8.2.0/../../../../riscv-none-embed/lib/rv32imacxw/ilp32\libnosys.a(close.o)
                0x0000000000002d28                _close
 .text._fstat   0x0000000000002d34        0xc d:/mounriver_studio/toolchain/risc-v embedded gcc/bin/../lib/gcc/riscv-none-embed/8.2.0/../../../../riscv-none-embed/lib/rv32imacxw/ilp32\libnosys.a(fstat.o)
                0x0000000000002d34                _fstat
 .text._isatty  0x0000000000002d40        0xc d:/mounriver_studio/toolchain/risc-v embedded gcc/bin/../lib/gcc/riscv-none-embed/8.2.0/../../../../riscv-none-embed/lib/rv32imacxw/ilp32\libnosys.a(isatty.o)
                0x0000000000002d40                _isatty
 .text._lseek   0x0000000000002d4c        0xc d:/mounriver_studio/toolchain/risc-v embedded gcc/bin/../lib/gcc/riscv-none-embed/8.2.0/../../../../riscv-none-embed/lib/rv32imacxw/ilp32\libnosys.a(lseek.o)
                0x0000000000002d4c                _lseek
 .text._read    0x0000000000002d58        0xc d:/mounriver_studio/toolchain/risc-v embedded gcc/bin/../lib/gcc/riscv-none-embed/8.2.0/../../../../riscv-none-embed/lib/rv32imacxw/ilp32\libnosys.a(read.o)
                0x0000000000002d58                _read
 *(.rodata)
 *(.rodata*)
 *fill*         0x0000000000002d64        0x0 
 .rodata.main   0x0000000000002d64       0x18 ./User/main.o
 .rodata.main.str1.4
                0x0000000000002d7c       0x93 ./User/main.o
 *fill*         0x0000000000002e0f        0x1 
 .rodata.PDO_Request.str1.4
                0x0000000000002e10       0x3d ./USBPD/PD_Basicfun.o
 *fill*         0x0000000000002e4d        0x3 
 .rodata.PD_Det_Proc.str1.4
                0x0000000000002e50       0x13 ./USBPD/PD_Basicfun.o
 *fill*         0x0000000000002e63        0x1 
 .rodata.vdm_process
                0x0000000000002e64       0x44 ./USBPD/PD_Process.o
 .rodata.PD_Message_Process
                0x0000000000002ea8       0x48 ./USBPD/PD_Process.o
 .rodata.PD_Main_Proc.str1.4
                0x0000000000002ef0        0xe ./USBPD/PD_Process.o
 *fill*         0x0000000000002efe        0x2 
 .rodata.PD_Message_Process.str1.4
                0x0000000000002f00      0x131 ./USBPD/PD_Process.o
 *fill*         0x0000000000003031        0x3 
 .rodata.USBPD_IRQHandler.str1.4
                0x0000000000003034       0x3c ./USBPD/PD_Process.o
 .rodata.vdm_process.str1.4
                0x0000000000003070       0xbd ./USBPD/PD_Process.o
 *fill*         0x000000000000312d        0x3 
 .rodata.__sf_fake_stderr
                0x0000000000003130       0x20 d:/mounriver_studio/toolchain/risc-v embedded gcc/bin/../lib/gcc/riscv-none-embed/8.2.0/../../../../riscv-none-embed/lib/rv32imacxw/ilp32\libg_nano.a(lib_a-findfp.o)
                0x0000000000003130                __sf_fake_stderr
 .rodata.__sf_fake_stdin
                0x0000000000003150       0x20 d:/mounriver_studio/toolchain/risc-v embedded gcc/bin/../lib/gcc/riscv-none-embed/8.2.0/../../../../riscv-none-embed/lib/rv32imacxw/ilp32\libg_nano.a(lib_a-findfp.o)
                0x0000000000003150                __sf_fake_stdin
 .rodata.__sf_fake_stdout
                0x0000000000003170       0x20 d:/mounriver_studio/toolchain/risc-v embedded gcc/bin/../lib/gcc/riscv-none-embed/8.2.0/../../../../riscv-none-embed/lib/rv32imacxw/ilp32\libg_nano.a(lib_a-findfp.o)
                0x0000000000003170                __sf_fake_stdout
 .rodata._vfprintf_r.str1.4
                0x0000000000003190       0x13 d:/mounriver_studio/toolchain/risc-v embedded gcc/bin/../lib/gcc/riscv-none-embed/8.2.0/../../../../riscv-none-embed/lib/rv32imacxw/ilp32\libg_nano.a(lib_a-nano-vfprintf.o)
 *fill*         0x00000000000031a3        0x1 
 .rodata._printf_i.str1.4
                0x00000000000031a4       0x28 d:/mounriver_studio/toolchain/risc-v embedded gcc/bin/../lib/gcc/riscv-none-embed/8.2.0/../../../../riscv-none-embed/lib/rv32imacxw/ilp32\libg_nano.a(lib_a-nano-vfprintf_i.o)
                                         0x25 (size before relaxing)
 *(.gnu.linkonce.t.*)
                0x00000000000031cc                . = ALIGN (0x4)

.rela.dyn       0x00000000000031cc        0x0
 .rela.init     0x00000000000031cc        0x0 ./User/ch32x035_it.o
 .rela.vector   0x00000000000031cc        0x0 ./User/ch32x035_it.o
 .rela.text.handle_reset
                0x00000000000031cc        0x0 ./User/ch32x035_it.o
 .rela.text._sbrk
                0x00000000000031cc        0x0 ./User/ch32x035_it.o
 .rela.sdata.curbrk.4453
                0x00000000000031cc        0x0 ./User/ch32x035_it.o
 .rela.text._vfprintf_r
                0x00000000000031cc        0x0 ./User/ch32x035_it.o
 .rela.text._sbrk_r
                0x00000000000031cc        0x0 ./User/ch32x035_it.o
 .rela.text._write_r
                0x00000000000031cc        0x0 ./User/ch32x035_it.o
 .rela.text._close_r
                0x00000000000031cc        0x0 ./User/ch32x035_it.o
 .rela.text._fstat_r
                0x00000000000031cc        0x0 ./User/ch32x035_it.o
 .rela.text._isatty_r
                0x00000000000031cc        0x0 ./User/ch32x035_it.o
 .rela.text._lseek_r
                0x00000000000031cc        0x0 ./User/ch32x035_it.o
 .rela.text._read_r
                0x00000000000031cc        0x0 ./User/ch32x035_it.o
 .rela.text._close
                0x00000000000031cc        0x0 ./User/ch32x035_it.o
 .rela.text._fstat
                0x00000000000031cc        0x0 ./User/ch32x035_it.o
 .rela.text._isatty
                0x00000000000031cc        0x0 ./User/ch32x035_it.o
 .rela.text._lseek
                0x00000000000031cc        0x0 ./User/ch32x035_it.o
 .rela.text._read
                0x00000000000031cc        0x0 ./User/ch32x035_it.o

.fini           0x00000000000031cc        0x0
 *(SORT_NONE(.fini))
                0x00000000000031cc                . = ALIGN (0x4)
                [!provide]                        PROVIDE (_etext = .)
                [!provide]                        PROVIDE (_eitcm = .)

.preinit_array  0x00000000000031cc        0x0
                [!provide]                        PROVIDE (__preinit_array_start = .)
 *(.preinit_array)
                [!provide]                        PROVIDE (__preinit_array_end = .)

.init_array     0x00000000000031cc        0x0
                [!provide]                        PROVIDE (__init_array_start = .)
 *(SORT_BY_INIT_PRIORITY(.init_array.*) SORT_BY_INIT_PRIORITY(.ctors.*))
 *(.init_array EXCLUDE_FILE(*crtend?.o *crtend.o *crtbegin?.o *crtbegin.o) .ctors)
                [!provide]                        PROVIDE (__init_array_end = .)

.fini_array     0x00000000000031cc        0x0
                [!provide]                        PROVIDE (__fini_array_start = .)
 *(SORT_BY_INIT_PRIORITY(.fini_array.*) SORT_BY_INIT_PRIORITY(.dtors.*))
 *(.fini_array EXCLUDE_FILE(*crtend?.o *crtend.o *crtbegin?.o *crtbegin.o) .dtors)
                [!provide]                        PROVIDE (__fini_array_end = .)

.ctors
 *crtbegin.o(.ctors)
 *crtbegin?.o(.ctors)
 *(EXCLUDE_FILE(*crtend?.o *crtend.o) .ctors)
 *(SORT_BY_NAME(.ctors.*))
 *(.ctors)

.dtors
 *crtbegin.o(.dtors)
 *crtbegin?.o(.dtors)
 *(EXCLUDE_FILE(*crtend?.o *crtend.o) .dtors)
 *(SORT_BY_NAME(.dtors.*))
 *(.dtors)

.dalign         0x0000000020000000        0x0 load address 0x00000000000031cc
                0x0000000020000000                . = ALIGN (0x4)
                0x0000000020000000                PROVIDE (_data_vma = .)

.dlalign        0x00000000000031cc        0x0
                0x00000000000031cc                . = ALIGN (0x4)
                0x00000000000031cc                PROVIDE (_data_lma = .)

.data           0x0000000020000000       0xf8 load address 0x00000000000031cc
 *(.gnu.linkonce.r.*)
 *(.data .data.*)
 .data.AHBPrescTable
                0x0000000020000000       0x10 ./User/system_ch32x035.o
                0x0000000020000000                AHBPrescTable
 .data.ACK_Disc_Ident
                0x0000000020000010       0x10 ./USBPD/PD_Process.o
                0x0000000020000010                ACK_Disc_Ident
 .data.SrcCap_Ext_Tab
                0x0000000020000020       0x1c ./USBPD/PD_Process.o
                0x0000000020000020                SrcCap_Ext_Tab
 .data.APBAHBPrescTable
                0x000000002000003c       0x10 ./SRC/Peripheral/src/ch32x035_rcc.o
 .data.impure_data
                0x000000002000004c       0x60 d:/mounriver_studio/toolchain/risc-v embedded gcc/bin/../lib/gcc/riscv-none-embed/8.2.0/../../../../riscv-none-embed/lib/rv32imacxw/ilp32\libg_nano.a(lib_a-impure.o)
 *(.gnu.linkonce.d.*)
                0x00000000200000b0                . = ALIGN (0x8)
 *fill*         0x00000000200000ac        0x4 
                0x00000000200008b0                PROVIDE (__global_pointer$ = (. + 0x800))
 *(.sdata .sdata.*)
 .sdata.SystemCoreClock
                0x00000000200000b0        0x4 ./User/system_ch32x035.o
                0x00000000200000b0                SystemCoreClock
 .sdata.SrcCap_5V3A_Tab
                0x00000000200000b4        0x4 ./USBPD/PD_Basicfun.o
                0x00000000200000b4                SrcCap_5V3A_Tab
 .sdata.ACK_DP_Stat_Pos_1
                0x00000000200000b8        0x4 ./USBPD/PD_Process.o
                0x00000000200000b8                ACK_DP_Stat_Pos_1
 .sdata.ACK_Disc_Mode
                0x00000000200000bc        0x4 ./USBPD/PD_Process.o
                0x00000000200000bc                ACK_Disc_Mode
 .sdata.ACK_Disc_SVID
                0x00000000200000c0        0x4 ./USBPD/PD_Process.o
                0x00000000200000c0                ACK_Disc_SVID
 .sdata.DPAttention_Table
                0x00000000200000c4        0x8 ./USBPD/PD_Process.o
                0x00000000200000c4                DPAttention_Table
 .sdata.DPAttention_Table_1
                0x00000000200000cc        0x8 ./USBPD/PD_Process.o
                0x00000000200000cc                DPAttention_Table_1
 .sdata.SinkCap_5V1A_Tab
                0x00000000200000d4        0x4 ./USBPD/PD_Process.o
                0x00000000200000d4                SinkCap_5V1A_Tab
 .sdata.Status_Ext_Tab
                0x00000000200000d8        0x8 ./USBPD/PD_Process.o
                0x00000000200000d8                Status_Ext_Tab
 .sdata.CFGHR_tmpA
                0x00000000200000e0        0x4 ./SRC/Peripheral/src/ch32x035_gpio.o
                0x00000000200000e0                CFGHR_tmpA
 .sdata.CFGHR_tmpB
                0x00000000200000e4        0x4 ./SRC/Peripheral/src/ch32x035_gpio.o
                0x00000000200000e4                CFGHR_tmpB
 .sdata.CFGHR_tmpC
                0x00000000200000e8        0x4 ./SRC/Peripheral/src/ch32x035_gpio.o
                0x00000000200000e8                CFGHR_tmpC
 .sdata.curbrk.4453
                0x00000000200000ec        0x4 ./SRC/Debug/debug.o
 .sdata._impure_ptr
                0x00000000200000f0        0x4 d:/mounriver_studio/toolchain/risc-v embedded gcc/bin/../lib/gcc/riscv-none-embed/8.2.0/../../../../riscv-none-embed/lib/rv32imacxw/ilp32\libg_nano.a(lib_a-impure.o)
                0x00000000200000f0                _impure_ptr
 *(.sdata2.*)
 .sdata2._global_impure_ptr
                0x00000000200000f4        0x4 d:/mounriver_studio/toolchain/risc-v embedded gcc/bin/../lib/gcc/riscv-none-embed/8.2.0/../../../../riscv-none-embed/lib/rv32imacxw/ilp32\libg_nano.a(lib_a-impure.o)
                0x00000000200000f4                _global_impure_ptr
 *(.gnu.linkonce.s.*)
                0x00000000200000f8                . = ALIGN (0x8)
 *(.srodata.cst16)
 *(.srodata.cst8)
 *(.srodata.cst4)
 *(.srodata.cst2)
 *(.srodata .srodata.*)
                0x00000000200000f8                . = ALIGN (0x4)
                0x00000000200000f8                PROVIDE (_edata = .)

.bss            0x00000000200000f8       0xa8 load address 0x00000000000032c4
                0x00000000200000f8                . = ALIGN (0x4)
                0x00000000200000f8                PROVIDE (_sbss = .)
 *(.sbss*)
 .sbss.HPD_VALUE
                0x00000000200000f8        0x2 ./User/main.o
                0x00000000200000f8                HPD_VALUE
 .sbss.Tim_Ms_Cnt
                0x00000000200000fa        0x1 ./User/main.o
                0x00000000200000fa                Tim_Ms_Cnt
 .sbss.flg_a    0x00000000200000fb        0x1 ./User/main.o
                0x00000000200000fb                flg_a
 .sbss.PDO_Len  0x00000000200000fc        0x1 ./USBPD/PD_Basicfun.o
                0x00000000200000fc                PDO_Len
 .sbss.Tmr_Ms_Cnt_Last
                0x00000000200000fd        0x1 ./USBPD/PD_Basicfun.o
                0x00000000200000fd                Tmr_Ms_Cnt_Last
 .sbss.Tmr_Ms_Dlt
                0x00000000200000fe        0x1 ./USBPD/PD_Basicfun.o
                0x00000000200000fe                Tmr_Ms_Dlt
 *fill*         0x00000000200000ff        0x1 
 .sbss.PD_Ack_Buf
                0x0000000020000100        0x2 ./USBPD/PD_Process.o
                0x0000000020000100                PD_Ack_Buf
 .sbss.Recv2    0x0000000020000102        0x1 ./USBPD/PD_Process.o
                0x0000000020000102                Recv2
 *fill*         0x0000000020000103        0x1 
 .sbss.NVIC_Priority_Group
                0x0000000020000104        0x4 ./SRC/Peripheral/src/ch32x035_misc.o
                0x0000000020000104                NVIC_Priority_Group
 .sbss.p_ms     0x0000000020000108        0x2 ./SRC/Debug/debug.o
 .sbss.p_us     0x000000002000010a        0x1 ./SRC/Debug/debug.o
 *fill*         0x000000002000010b        0x1 
 .sbss.__malloc_free_list
                0x000000002000010c        0x4 d:/mounriver_studio/toolchain/risc-v embedded gcc/bin/../lib/gcc/riscv-none-embed/8.2.0/../../../../riscv-none-embed/lib/rv32imacxw/ilp32\libg_nano.a(lib_a-nano-mallocr.o)
                0x000000002000010c                __malloc_free_list
 .sbss.__malloc_sbrk_start
                0x0000000020000110        0x4 d:/mounriver_studio/toolchain/risc-v embedded gcc/bin/../lib/gcc/riscv-none-embed/8.2.0/../../../../riscv-none-embed/lib/rv32imacxw/ilp32\libg_nano.a(lib_a-nano-mallocr.o)
                0x0000000020000110                __malloc_sbrk_start
 *(.gnu.linkonce.sb.*)
 *(.bss*)
 .bss.Adapter_SrcCap
                0x0000000020000114       0x1e ./USBPD/PD_Basicfun.o
                0x0000000020000114                Adapter_SrcCap
 *fill*         0x0000000020000132        0x2 
 .bss.PD_Ctl    0x0000000020000134       0x20 ./USBPD/PD_Basicfun.o
                0x0000000020000134                PD_Ctl
 .bss.PD_Rx_Buf
                0x0000000020000154       0x22 ./USBPD/PD_Process.o
                0x0000000020000154                PD_Rx_Buf
 *fill*         0x0000000020000176        0x2 
 .bss.PD_Tx_Buf
                0x0000000020000178       0x22 ./USBPD/PD_Process.o
                0x0000000020000178                PD_Tx_Buf
 *(.gnu.linkonce.b.*)
 *(COMMON*)
 *fill*         0x000000002000019a        0x2 
 COMMON         0x000000002000019c        0x4 d:/mounriver_studio/toolchain/risc-v embedded gcc/bin/../lib/gcc/riscv-none-embed/8.2.0/../../../../riscv-none-embed/lib/rv32imacxw/ilp32\libg_nano.a(lib_a-reent.o)
                0x000000002000019c                errno
                0x00000000200001a0                . = ALIGN (0x4)
                0x00000000200001a0                PROVIDE (_ebss = .)
                0x00000000200001a0                PROVIDE (_end = _ebss)
                [!provide]                        PROVIDE (end = .)

.stack          0x0000000020004800      0x800
                0x0000000020004800                PROVIDE (_heap_end = .)
                0x0000000020004800                . = ALIGN (0x4)
                [!provide]                        PROVIDE (_susrstack = .)
                0x0000000020005000                . = (. + __stack_size)
 *fill*         0x0000000020004800      0x800 
                0x0000000020005000                PROVIDE (_eusrstack = .)
OUTPUT(C2DP-V1.1.elf elf32-littleriscv)

.debug_info     0x0000000000000000    0x1309a
 .debug_info    0x0000000000000000      0x962 ./User/ch32x035_it.o
 .debug_info    0x0000000000000962     0x1432 ./User/main.o
 .debug_info    0x0000000000001d94      0xb56 ./User/system_ch32x035.o
 .debug_info    0x00000000000028ea     0x1cb6 ./USBPD/PD_Basicfun.o
 .debug_info    0x00000000000045a0     0x19e5 ./USBPD/PD_Process.o
 .debug_info    0x0000000000005f85     0x131f ./TIM/tim.o
 .debug_info    0x00000000000072a4       0x22 ./SRC/Startup/startup_ch32x035.o
 .debug_info    0x00000000000072c6     0x15d6 ./SRC/Peripheral/src/ch32x035_adc.o
 .debug_info    0x000000000000889c      0xa94 ./SRC/Peripheral/src/ch32x035_dbgmcu.o
 .debug_info    0x0000000000009330     0x11c9 ./SRC/Peripheral/src/ch32x035_gpio.o
 .debug_info    0x000000000000a4f9      0xe46 ./SRC/Peripheral/src/ch32x035_misc.o
 .debug_info    0x000000000000b33f      0xd8f ./SRC/Peripheral/src/ch32x035_rcc.o
 .debug_info    0x000000000000c0ce     0x2b87 ./SRC/Peripheral/src/ch32x035_tim.o
 .debug_info    0x000000000000ec55     0x1333 ./SRC/Peripheral/src/ch32x035_usart.o
 .debug_info    0x000000000000ff88      0xf43 ./SRC/Debug/debug.o
 .debug_info    0x0000000000010ecb     0x10d3 ./GPIOCTRL/gpio.o
 .debug_info    0x0000000000011f9e     0x10fc ./ADC/ADC.o

.debug_abbrev   0x0000000000000000     0x31aa
 .debug_abbrev  0x0000000000000000      0x1cf ./User/ch32x035_it.o
 .debug_abbrev  0x00000000000001cf      0x327 ./User/main.o
 .debug_abbrev  0x00000000000004f6      0x258 ./User/system_ch32x035.o
 .debug_abbrev  0x000000000000074e      0x50d ./USBPD/PD_Basicfun.o
 .debug_abbrev  0x0000000000000c5b      0x3b6 ./USBPD/PD_Process.o
 .debug_abbrev  0x0000000000001011      0x2a5 ./TIM/tim.o
 .debug_abbrev  0x00000000000012b6       0x12 ./SRC/Startup/startup_ch32x035.o
 .debug_abbrev  0x00000000000012c8      0x323 ./SRC/Peripheral/src/ch32x035_adc.o
 .debug_abbrev  0x00000000000015eb      0x2f7 ./SRC/Peripheral/src/ch32x035_dbgmcu.o
 .debug_abbrev  0x00000000000018e2      0x34b ./SRC/Peripheral/src/ch32x035_gpio.o
 .debug_abbrev  0x0000000000001c2d      0x2fb ./SRC/Peripheral/src/ch32x035_misc.o
 .debug_abbrev  0x0000000000001f28      0x326 ./SRC/Peripheral/src/ch32x035_rcc.o
 .debug_abbrev  0x000000000000224e      0x418 ./SRC/Peripheral/src/ch32x035_tim.o
 .debug_abbrev  0x0000000000002666      0x312 ./SRC/Peripheral/src/ch32x035_usart.o
 .debug_abbrev  0x0000000000002978      0x2f1 ./SRC/Debug/debug.o
 .debug_abbrev  0x0000000000002c69      0x278 ./GPIOCTRL/gpio.o
 .debug_abbrev  0x0000000000002ee1      0x2c9 ./ADC/ADC.o

.debug_aranges  0x0000000000000000      0x950
 .debug_aranges
                0x0000000000000000       0x28 ./User/ch32x035_it.o
 .debug_aranges
                0x0000000000000028       0x28 ./User/main.o
 .debug_aranges
                0x0000000000000050       0x28 ./User/system_ch32x035.o
 .debug_aranges
                0x0000000000000078       0x90 ./USBPD/PD_Basicfun.o
 .debug_aranges
                0x0000000000000108       0x48 ./USBPD/PD_Process.o
 .debug_aranges
                0x0000000000000150       0x30 ./TIM/tim.o
 .debug_aranges
                0x0000000000000180       0x30 ./SRC/Startup/startup_ch32x035.o
 .debug_aranges
                0x00000000000001b0      0x140 ./SRC/Peripheral/src/ch32x035_adc.o
 .debug_aranges
                0x00000000000002f0       0x48 ./SRC/Peripheral/src/ch32x035_dbgmcu.o
 .debug_aranges
                0x0000000000000338       0x98 ./SRC/Peripheral/src/ch32x035_gpio.o
 .debug_aranges
                0x00000000000003d0       0x28 ./SRC/Peripheral/src/ch32x035_misc.o
 .debug_aranges
                0x00000000000003f8       0x80 ./SRC/Peripheral/src/ch32x035_rcc.o
 .debug_aranges
                0x0000000000000478      0x2f0 ./SRC/Peripheral/src/ch32x035_tim.o
 .debug_aranges
                0x0000000000000768       0xf0 ./SRC/Peripheral/src/ch32x035_usart.o
 .debug_aranges
                0x0000000000000858       0x50 ./SRC/Debug/debug.o
 .debug_aranges
                0x00000000000008a8       0x78 ./GPIOCTRL/gpio.o
 .debug_aranges
                0x0000000000000920       0x30 ./ADC/ADC.o

.debug_ranges   0x0000000000000000      0x938
 .debug_ranges  0x0000000000000000       0x18 ./User/ch32x035_it.o
 .debug_ranges  0x0000000000000018       0x18 ./User/main.o
 .debug_ranges  0x0000000000000030       0x18 ./User/system_ch32x035.o
 .debug_ranges  0x0000000000000048       0xe0 ./USBPD/PD_Basicfun.o
 .debug_ranges  0x0000000000000128       0x50 ./USBPD/PD_Process.o
 .debug_ranges  0x0000000000000178       0x20 ./TIM/tim.o
 .debug_ranges  0x0000000000000198       0x28 ./SRC/Startup/startup_ch32x035.o
 .debug_ranges  0x00000000000001c0      0x130 ./SRC/Peripheral/src/ch32x035_adc.o
 .debug_ranges  0x00000000000002f0       0x50 ./SRC/Peripheral/src/ch32x035_dbgmcu.o
 .debug_ranges  0x0000000000000340       0x88 ./SRC/Peripheral/src/ch32x035_gpio.o
 .debug_ranges  0x00000000000003c8       0x48 ./SRC/Peripheral/src/ch32x035_misc.o
 .debug_ranges  0x0000000000000410       0x70 ./SRC/Peripheral/src/ch32x035_rcc.o
 .debug_ranges  0x0000000000000480      0x310 ./SRC/Peripheral/src/ch32x035_tim.o
 .debug_ranges  0x0000000000000790       0xe0 ./SRC/Peripheral/src/ch32x035_usart.o
 .debug_ranges  0x0000000000000870       0x40 ./SRC/Debug/debug.o
 .debug_ranges  0x00000000000008b0       0x68 ./GPIOCTRL/gpio.o
 .debug_ranges  0x0000000000000918       0x20 ./ADC/ADC.o

.debug_line     0x0000000000000000     0xc776
 .debug_line    0x0000000000000000      0x21c ./User/ch32x035_it.o
 .debug_line    0x000000000000021c      0x803 ./User/main.o
 .debug_line    0x0000000000000a1f      0x364 ./User/system_ch32x035.o
 .debug_line    0x0000000000000d83     0x13ff ./USBPD/PD_Basicfun.o
 .debug_line    0x0000000000002182     0x1066 ./USBPD/PD_Process.o
 .debug_line    0x00000000000031e8      0x5dd ./TIM/tim.o
 .debug_line    0x00000000000037c5      0x22a ./SRC/Startup/startup_ch32x035.o
 .debug_line    0x00000000000039ef     0x14e1 ./SRC/Peripheral/src/ch32x035_adc.o
 .debug_line    0x0000000000004ed0      0x361 ./SRC/Peripheral/src/ch32x035_dbgmcu.o
 .debug_line    0x0000000000005231     0x125f ./SRC/Peripheral/src/ch32x035_gpio.o
 .debug_line    0x0000000000006490      0x4b4 ./SRC/Peripheral/src/ch32x035_misc.o
 .debug_line    0x0000000000006944      0x7a9 ./SRC/Peripheral/src/ch32x035_rcc.o
 .debug_line    0x00000000000070ed     0x31cd ./SRC/Peripheral/src/ch32x035_tim.o
 .debug_line    0x000000000000a2ba      0xe59 ./SRC/Peripheral/src/ch32x035_usart.o
 .debug_line    0x000000000000b113      0x722 ./SRC/Debug/debug.o
 .debug_line    0x000000000000b835      0x99c ./GPIOCTRL/gpio.o
 .debug_line    0x000000000000c1d1      0x5a5 ./ADC/ADC.o

.debug_str      0x0000000000000000     0x31fa
 .debug_str     0x0000000000000000      0x54e ./User/ch32x035_it.o
                                        0x5af (size before relaxing)
 .debug_str     0x000000000000054e      0x749 ./User/main.o
                                        0xd18 (size before relaxing)
 .debug_str     0x0000000000000c97       0xd0 ./User/system_ch32x035.o
                                        0x6ad (size before relaxing)
 .debug_str     0x0000000000000d67      0x68b ./USBPD/PD_Basicfun.o
                                       0x115c (size before relaxing)
 .debug_str     0x00000000000013f2       0xce ./USBPD/PD_Process.o
                                       0x101d (size before relaxing)
 .debug_str     0x00000000000014c0      0x25f ./TIM/tim.o
                                        0xd71 (size before relaxing)
 .debug_str     0x000000000000171f       0x2e ./SRC/Startup/startup_ch32x035.o
                                         0x63 (size before relaxing)
 .debug_str     0x000000000000174d      0x604 ./SRC/Peripheral/src/ch32x035_adc.o
                                        0xbfe (size before relaxing)
 .debug_str     0x0000000000001d51       0x82 ./SRC/Peripheral/src/ch32x035_dbgmcu.o
                                        0x643 (size before relaxing)
 .debug_str     0x0000000000001dd3      0x1ea ./SRC/Peripheral/src/ch32x035_gpio.o
                                        0x949 (size before relaxing)
 .debug_str     0x0000000000001fbd       0x7e ./SRC/Peripheral/src/ch32x035_misc.o
                                        0xa15 (size before relaxing)
 .debug_str     0x000000000000203b      0x19b ./SRC/Peripheral/src/ch32x035_rcc.o
                                        0x84d (size before relaxing)
 .debug_str     0x00000000000021d6      0x9e5 ./SRC/Peripheral/src/ch32x035_tim.o
                                       0x137d (size before relaxing)
 .debug_str     0x0000000000002bbb      0x3da ./SRC/Peripheral/src/ch32x035_usart.o
                                        0xad6 (size before relaxing)
 .debug_str     0x0000000000002f95       0x8c ./SRC/Debug/debug.o
                                        0x8d7 (size before relaxing)
 .debug_str     0x0000000000003021       0x87 ./GPIOCTRL/gpio.o
                                        0x794 (size before relaxing)
 .debug_str     0x00000000000030a8      0x152 ./ADC/ADC.o
                                        0xa5a (size before relaxing)

.comment        0x0000000000000000       0x33
 .comment       0x0000000000000000       0x33 ./User/ch32x035_it.o
                                         0x34 (size before relaxing)
 .comment       0x0000000000000033       0x34 ./User/main.o
 .comment       0x0000000000000033       0x34 ./User/system_ch32x035.o
 .comment       0x0000000000000033       0x34 ./USBPD/PD_Basicfun.o
 .comment       0x0000000000000033       0x34 ./USBPD/PD_Process.o
 .comment       0x0000000000000033       0x34 ./TIM/tim.o
 .comment       0x0000000000000033       0x34 ./SRC/Peripheral/src/ch32x035_adc.o
 .comment       0x0000000000000033       0x34 ./SRC/Peripheral/src/ch32x035_dbgmcu.o
 .comment       0x0000000000000033       0x34 ./SRC/Peripheral/src/ch32x035_gpio.o
 .comment       0x0000000000000033       0x34 ./SRC/Peripheral/src/ch32x035_misc.o
 .comment       0x0000000000000033       0x34 ./SRC/Peripheral/src/ch32x035_rcc.o
 .comment       0x0000000000000033       0x34 ./SRC/Peripheral/src/ch32x035_tim.o
 .comment       0x0000000000000033       0x34 ./SRC/Peripheral/src/ch32x035_usart.o
 .comment       0x0000000000000033       0x34 ./SRC/Debug/debug.o
 .comment       0x0000000000000033       0x34 ./GPIOCTRL/gpio.o
 .comment       0x0000000000000033       0x34 ./ADC/ADC.o

.debug_frame    0x0000000000000000     0x1d6c
 .debug_frame   0x0000000000000000       0x30 ./User/ch32x035_it.o
 .debug_frame   0x0000000000000030       0x50 ./User/main.o
 .debug_frame   0x0000000000000080       0x30 ./User/system_ch32x035.o
 .debug_frame   0x00000000000000b0      0x1c0 ./USBPD/PD_Basicfun.o
 .debug_frame   0x0000000000000270       0xe0 ./USBPD/PD_Process.o
 .debug_frame   0x0000000000000350       0x80 ./TIM/tim.o
 .debug_frame   0x00000000000003d0      0x27c ./SRC/Peripheral/src/ch32x035_adc.o
 .debug_frame   0x000000000000064c       0x70 ./SRC/Peripheral/src/ch32x035_dbgmcu.o
 .debug_frame   0x00000000000006bc      0x140 ./SRC/Peripheral/src/ch32x035_gpio.o
 .debug_frame   0x00000000000007fc       0x30 ./SRC/Peripheral/src/ch32x035_misc.o
 .debug_frame   0x000000000000082c       0xfc ./SRC/Peripheral/src/ch32x035_rcc.o
 .debug_frame   0x0000000000000928      0x654 ./SRC/Peripheral/src/ch32x035_tim.o
 .debug_frame   0x0000000000000f7c      0x1e4 ./SRC/Peripheral/src/ch32x035_usart.o
 .debug_frame   0x0000000000001160       0xb8 ./SRC/Debug/debug.o
 .debug_frame   0x0000000000001218      0x1a0 ./GPIOCTRL/gpio.o
 .debug_frame   0x00000000000013b8       0x80 ./ADC/ADC.o
 .debug_frame   0x0000000000001438       0x20 d:/mounriver_studio/toolchain/risc-v embedded gcc/bin/../lib/gcc/riscv-none-embed/8.2.0/../../../../riscv-none-embed/lib/rv32imacxw/ilp32\libg_nano.a(lib_a-memcpy.o)
 .debug_frame   0x0000000000001458       0x54 d:/mounriver_studio/toolchain/risc-v embedded gcc/bin/../lib/gcc/riscv-none-embed/8.2.0/../../../../riscv-none-embed/lib/rv32imacxw/ilp32\libg_nano.a(lib_a-printf.o)
 .debug_frame   0x00000000000014ac       0x54 d:/mounriver_studio/toolchain/risc-v embedded gcc/bin/../lib/gcc/riscv-none-embed/8.2.0/../../../../riscv-none-embed/lib/rv32imacxw/ilp32\libg_nano.a(lib_a-puts.o)
 .debug_frame   0x0000000000001500       0x50 d:/mounriver_studio/toolchain/risc-v embedded gcc/bin/../lib/gcc/riscv-none-embed/8.2.0/../../../../riscv-none-embed/lib/rv32imacxw/ilp32\libg_nano.a(lib_a-wbuf.o)
 .debug_frame   0x0000000000001550       0x3c d:/mounriver_studio/toolchain/risc-v embedded gcc/bin/../lib/gcc/riscv-none-embed/8.2.0/../../../../riscv-none-embed/lib/rv32imacxw/ilp32\libg_nano.a(lib_a-wsetup.o)
 .debug_frame   0x000000000000158c       0x7c d:/mounriver_studio/toolchain/risc-v embedded gcc/bin/../lib/gcc/riscv-none-embed/8.2.0/../../../../riscv-none-embed/lib/rv32imacxw/ilp32\libg_nano.a(lib_a-fflush.o)
 .debug_frame   0x0000000000001608      0x148 d:/mounriver_studio/toolchain/risc-v embedded gcc/bin/../lib/gcc/riscv-none-embed/8.2.0/../../../../riscv-none-embed/lib/rv32imacxw/ilp32\libg_nano.a(lib_a-findfp.o)
 .debug_frame   0x0000000000001750       0x88 d:/mounriver_studio/toolchain/risc-v embedded gcc/bin/../lib/gcc/riscv-none-embed/8.2.0/../../../../riscv-none-embed/lib/rv32imacxw/ilp32\libg_nano.a(lib_a-fwalk.o)
 .debug_frame   0x00000000000017d8       0x64 d:/mounriver_studio/toolchain/risc-v embedded gcc/bin/../lib/gcc/riscv-none-embed/8.2.0/../../../../riscv-none-embed/lib/rv32imacxw/ilp32\libg_nano.a(lib_a-makebuf.o)
 .debug_frame   0x000000000000183c       0x40 d:/mounriver_studio/toolchain/risc-v embedded gcc/bin/../lib/gcc/riscv-none-embed/8.2.0/../../../../riscv-none-embed/lib/rv32imacxw/ilp32\libg_nano.a(lib_a-nano-freer.o)
 .debug_frame   0x000000000000187c       0x40 d:/mounriver_studio/toolchain/risc-v embedded gcc/bin/../lib/gcc/riscv-none-embed/8.2.0/../../../../riscv-none-embed/lib/rv32imacxw/ilp32\libg_nano.a(lib_a-nano-mallocr.o)
 .debug_frame   0x00000000000018bc       0xd0 d:/mounriver_studio/toolchain/risc-v embedded gcc/bin/../lib/gcc/riscv-none-embed/8.2.0/../../../../riscv-none-embed/lib/rv32imacxw/ilp32\libg_nano.a(lib_a-nano-vfprintf.o)
 .debug_frame   0x000000000000198c       0x8c d:/mounriver_studio/toolchain/risc-v embedded gcc/bin/../lib/gcc/riscv-none-embed/8.2.0/../../../../riscv-none-embed/lib/rv32imacxw/ilp32\libg_nano.a(lib_a-nano-vfprintf_i.o)
 .debug_frame   0x0000000000001a18       0x30 d:/mounriver_studio/toolchain/risc-v embedded gcc/bin/../lib/gcc/riscv-none-embed/8.2.0/../../../../riscv-none-embed/lib/rv32imacxw/ilp32\libg_nano.a(lib_a-sbrkr.o)
 .debug_frame   0x0000000000001a48       0xa4 d:/mounriver_studio/toolchain/risc-v embedded gcc/bin/../lib/gcc/riscv-none-embed/8.2.0/../../../../riscv-none-embed/lib/rv32imacxw/ilp32\libg_nano.a(lib_a-stdio.o)
 .debug_frame   0x0000000000001aec       0x30 d:/mounriver_studio/toolchain/risc-v embedded gcc/bin/../lib/gcc/riscv-none-embed/8.2.0/../../../../riscv-none-embed/lib/rv32imacxw/ilp32\libg_nano.a(lib_a-writer.o)
 .debug_frame   0x0000000000001b1c       0x30 d:/mounriver_studio/toolchain/risc-v embedded gcc/bin/../lib/gcc/riscv-none-embed/8.2.0/../../../../riscv-none-embed/lib/rv32imacxw/ilp32\libg_nano.a(lib_a-closer.o)
 .debug_frame   0x0000000000001b4c       0x30 d:/mounriver_studio/toolchain/risc-v embedded gcc/bin/../lib/gcc/riscv-none-embed/8.2.0/../../../../riscv-none-embed/lib/rv32imacxw/ilp32\libg_nano.a(lib_a-fstatr.o)
 .debug_frame   0x0000000000001b7c       0x30 d:/mounriver_studio/toolchain/risc-v embedded gcc/bin/../lib/gcc/riscv-none-embed/8.2.0/../../../../riscv-none-embed/lib/rv32imacxw/ilp32\libg_nano.a(lib_a-isattyr.o)
 .debug_frame   0x0000000000001bac       0x30 d:/mounriver_studio/toolchain/risc-v embedded gcc/bin/../lib/gcc/riscv-none-embed/8.2.0/../../../../riscv-none-embed/lib/rv32imacxw/ilp32\libg_nano.a(lib_a-lseekr.o)
 .debug_frame   0x0000000000001bdc       0x20 d:/mounriver_studio/toolchain/risc-v embedded gcc/bin/../lib/gcc/riscv-none-embed/8.2.0/../../../../riscv-none-embed/lib/rv32imacxw/ilp32\libg_nano.a(lib_a-memchr.o)
 .debug_frame   0x0000000000001bfc       0x30 d:/mounriver_studio/toolchain/risc-v embedded gcc/bin/../lib/gcc/riscv-none-embed/8.2.0/../../../../riscv-none-embed/lib/rv32imacxw/ilp32\libg_nano.a(lib_a-mlock.o)
 .debug_frame   0x0000000000001c2c       0x30 d:/mounriver_studio/toolchain/risc-v embedded gcc/bin/../lib/gcc/riscv-none-embed/8.2.0/../../../../riscv-none-embed/lib/rv32imacxw/ilp32\libg_nano.a(lib_a-readr.o)
 .debug_frame   0x0000000000001c5c       0x70 d:/mounriver_studio/toolchain/risc-v embedded gcc/bin/../lib/gcc/riscv-none-embed/8.2.0/../../../../riscv-none-embed/lib/rv32imacxw/ilp32\libg_nano.a(lib_a-reent.o)
 .debug_frame   0x0000000000001ccc       0x20 d:/mounriver_studio/toolchain/risc-v embedded gcc/bin/../lib/gcc/riscv-none-embed/8.2.0/../../../../riscv-none-embed/lib/rv32imacxw/ilp32\libnosys.a(close.o)
 .debug_frame   0x0000000000001cec       0x20 d:/mounriver_studio/toolchain/risc-v embedded gcc/bin/../lib/gcc/riscv-none-embed/8.2.0/../../../../riscv-none-embed/lib/rv32imacxw/ilp32\libnosys.a(fstat.o)
 .debug_frame   0x0000000000001d0c       0x20 d:/mounriver_studio/toolchain/risc-v embedded gcc/bin/../lib/gcc/riscv-none-embed/8.2.0/../../../../riscv-none-embed/lib/rv32imacxw/ilp32\libnosys.a(isatty.o)
 .debug_frame   0x0000000000001d2c       0x20 d:/mounriver_studio/toolchain/risc-v embedded gcc/bin/../lib/gcc/riscv-none-embed/8.2.0/../../../../riscv-none-embed/lib/rv32imacxw/ilp32\libnosys.a(lseek.o)
 .debug_frame   0x0000000000001d4c       0x20 d:/mounriver_studio/toolchain/risc-v embedded gcc/bin/../lib/gcc/riscv-none-embed/8.2.0/../../../../riscv-none-embed/lib/rv32imacxw/ilp32\libnosys.a(read.o)

.debug_loc      0x0000000000000000     0x432c
 .debug_loc     0x0000000000000000       0x1f ./User/system_ch32x035.o
 .debug_loc     0x000000000000001f      0x51b ./USBPD/PD_Basicfun.o
 .debug_loc     0x000000000000053a      0x132 ./USBPD/PD_Process.o
 .debug_loc     0x000000000000066c       0xd2 ./TIM/tim.o
 .debug_loc     0x000000000000073e      0xa41 ./SRC/Peripheral/src/ch32x035_adc.o
 .debug_loc     0x000000000000117f       0x7c ./SRC/Peripheral/src/ch32x035_dbgmcu.o
 .debug_loc     0x00000000000011fb      0x863 ./SRC/Peripheral/src/ch32x035_gpio.o
 .debug_loc     0x0000000000001a5e       0xce ./SRC/Peripheral/src/ch32x035_misc.o
 .debug_loc     0x0000000000001b2c      0x34e ./SRC/Peripheral/src/ch32x035_rcc.o
 .debug_loc     0x0000000000001e7a     0x19ec ./SRC/Peripheral/src/ch32x035_tim.o
 .debug_loc     0x0000000000003866      0x715 ./SRC/Peripheral/src/ch32x035_usart.o
 .debug_loc     0x0000000000003f7b      0x177 ./SRC/Debug/debug.o
 .debug_loc     0x00000000000040f2      0x19e ./GPIOCTRL/gpio.o
 .debug_loc     0x0000000000004290       0x9c ./ADC/ADC.o

.stab           0x0000000000000000       0x84
 .stab          0x0000000000000000       0x24 d:/mounriver_studio/toolchain/risc-v embedded gcc/bin/../lib/gcc/riscv-none-embed/8.2.0/../../../../riscv-none-embed/lib/rv32imacxw/ilp32\libnosys.a(close.o)
 .stab          0x0000000000000024       0x18 d:/mounriver_studio/toolchain/risc-v embedded gcc/bin/../lib/gcc/riscv-none-embed/8.2.0/../../../../riscv-none-embed/lib/rv32imacxw/ilp32\libnosys.a(fstat.o)
                                         0x24 (size before relaxing)
 .stab          0x000000000000003c       0x18 d:/mounriver_studio/toolchain/risc-v embedded gcc/bin/../lib/gcc/riscv-none-embed/8.2.0/../../../../riscv-none-embed/lib/rv32imacxw/ilp32\libnosys.a(isatty.o)
                                         0x24 (size before relaxing)
 .stab          0x0000000000000054       0x18 d:/mounriver_studio/toolchain/risc-v embedded gcc/bin/../lib/gcc/riscv-none-embed/8.2.0/../../../../riscv-none-embed/lib/rv32imacxw/ilp32\libnosys.a(lseek.o)
                                         0x24 (size before relaxing)
 .stab          0x000000000000006c       0x18 d:/mounriver_studio/toolchain/risc-v embedded gcc/bin/../lib/gcc/riscv-none-embed/8.2.0/../../../../riscv-none-embed/lib/rv32imacxw/ilp32\libnosys.a(read.o)
                                         0x24 (size before relaxing)

.stabstr        0x0000000000000000      0x117
 .stabstr       0x0000000000000000      0x117 d:/mounriver_studio/toolchain/risc-v embedded gcc/bin/../lib/gcc/riscv-none-embed/8.2.0/../../../../riscv-none-embed/lib/rv32imacxw/ilp32\libnosys.a(close.o)
